<html>
<body>
<pre>
<h1>µVision Build Log</h1>
<h2>Tool Versions:</h2>
IDE-Version: ¦ÌVision V5.43.1.0
Copyright (C) 2025 ARM Ltd and ARM Germany GmbH. All rights reserved.
License Information: auf Aupassen, auf, LIC=2TTQ1-CTRJE-SGI7K-ZYJZ6-04QUB-HCSEE
 
Tool Versions:
Toolchain:       MDK-ARM Professional  Version: 5.43.0.0
Toolchain Path:  D:\Keil5\Setup\ARM\ARMCLANG\Bin
C Compiler:      ArmClang.exe V6.24
Assembler:       Armasm.exe V6.24
Linker/Locator:  ArmLink.exe V6.24
Library Manager: ArmAr.exe V6.24
Hex Converter:   FromElf.exe V6.24
CPU DLL:         SARMCM3.DLL V5.43.0.0
Dialog DLL:      DARMCM1.DLL V1.19.6.0
Target DLL:      CMSIS_AGDI.dll V1.33.24.0
Dialog DLL:      TARMCM1.DLL V1.14.6.0
 
<h2>Project:</h2>
C:\Users\Aupassen\Desktop\empty_routine_vision_comm\keil\empty_LP_MSPM0G3507_nortos_keil.uvprojx
Project File Date:  07/14/2026

<h2>Output:</h2>
*** Using Compiler 'V6.24', folder: 'D:\Keil5\Setup\ARM\ARMCLANG\Bin'
Rebuild target 'empty_LP_MSPM0G3507_nortos_keil'
Before Build - User command #1: cmd.exe /C "C:\Users\Aupassen\Desktop\empty_routine_vision_comm\keil\../syscfg.bat 'C:\Users\Aupassen\Desktop\empty_routine_vision_comm\keil\' empty.syscfg"
Using Sysconfig Tool from "C:\ti\sysconfig_1.21.0\sysconfig_cli.bat"
"Update the file located at <sdk path>/tools/keil/syscfg.bat to use a different version"
Running script...
Validating...
warning: /ti/driverlib/SYSCTL: For best practices when the CPUCLK is running at 32MHz and above, clear the flash status bit using DL_FlashCTL_executeClearStatus() before executing any flash operation. Otherwise there may be false positives.
0 error(s), 1 warning(s)
Generating Code (empty.syscfg)...
Writing C:\Users\Aupassen\Desktop\empty_routine_vision_comm\ti_msp_dl_config.c...
Unchanged C:\Users\Aupassen\Desktop\empty_routine_vision_comm\ti_msp_dl_config.h...
Unchanged C:\Users\Aupassen\Desktop\empty_routine_vision_comm\Event.dot...
compiling dl_comp.c...
compiling dl_aesadv.c...
compiling dl_common.c...
compiling dl_mathacl.c...
compiling dl_aes.c...
compiling dl_rtc_a.c...
assembling startup_mspm0g350x_uvision.s...
compiling pitch_motor_control.c...
compiling stepper_motor.c...
compiling zdt_x42s.c...
compiling ti_msp_dl_config.c...
compiling dl_crc.c...
compiling dl_crcp.c...
compiling dl_gpamp.c...
compiling dl_lcd.c...
compiling dl_gpio.c...
compiling dl_dma.c...
compiling dl_keystorectl.c...
compiling dl_rtc.c...
compiling dl_dac12.c...
compiling dl_lfss.c...
compiling dl_iwdt.c...
compiling dl_scratchpad.c...
compiling dl_rtc_b.c...
compiling dl_opa.c...
compiling dl_adc12.c...
compiling dl_i2c.c...
compiling dl_rtc_common.c...
compiling main.c...
compiling dl_flashctl.c...
compiling dl_tamperio.c...
compiling dl_spi.c...
compiling dl_mcan.c...
compiling dl_timera.c...
compiling dl_timer.c...
compiling dl_timerg.c...
compiling dl_trng.c...
compiling dl_vref.c...
compiling dl_uart.c...
compiling dl_wwdt.c...
linking...
Program Size: Code=1636 RO-data=276 RW-data=0 ZI-data=416  
FromELF: creating hex file...
".\Objects\empty_LP_MSPM0G3507_nortos_keil.axf" - 0 Error(s), 0 Warning(s).

<h2>Software Packages used:</h2>

Package Vendor: TexasInstruments
                http://software-dl.ti.com/msp430/esd/MSPM0-CMSIS/MSPM0G/latest/exports/TexasInstruments.MSPM0G_DFP.1.2.1.pack
                TexasInstruments::MSPM0G_DFP@1.2.1
                Device Family Pack for Texas Instruments MSPM0G Series

<h2>Collection of Component include folders:</h2>

<h2>Collection of Component Files used:</h2>
Build Time Elapsed:  00:00:04
</pre>
</body>
</html>
