Component: Arm Compiler for Embedded 6.24 Tool: armlink [5f371500]

==============================================================================

Section Cross References

    startup_mspm0g350x_uvision.o(STACK) refers (Special) to heapauxi.o(.text) for __use_two_region_memory
    startup_mspm0g350x_uvision.o(HEAP) refers (Special) to heapauxi.o(.text) for __use_two_region_memory
    startup_mspm0g350x_uvision.o(RESET) refers (Special) to heapauxi.o(.text) for __use_two_region_memory
    startup_mspm0g350x_uvision.o(RESET) refers to startup_mspm0g350x_uvision.o(STACK) for __initial_sp
    startup_mspm0g350x_uvision.o(RESET) refers to startup_mspm0g350x_uvision.o(.text) for Reset_Handler
    startup_mspm0g350x_uvision.o(.text) refers (Special) to heapauxi.o(.text) for __use_two_region_memory
    startup_mspm0g350x_uvision.o(.text) refers to __main.o(!!!main) for __main
    startup_mspm0g350x_uvision.o(.text) refers to startup_mspm0g350x_uvision.o(HEAP) for Heap_Mem
    startup_mspm0g350x_uvision.o(.text) refers to startup_mspm0g350x_uvision.o(STACK) for Stack_Mem
    ti_msp_dl_config.o(.text.SYSCFG_DL_init) refers to ti_msp_dl_config.o(.text.SYSCFG_DL_initPower) for SYSCFG_DL_initPower
    ti_msp_dl_config.o(.text.SYSCFG_DL_init) refers to ti_msp_dl_config.o(.text.SYSCFG_DL_GPIO_init) for SYSCFG_DL_GPIO_init
    ti_msp_dl_config.o(.text.SYSCFG_DL_init) refers to ti_msp_dl_config.o(.text.SYSCFG_DL_SYSCTL_init) for SYSCFG_DL_SYSCTL_init
    ti_msp_dl_config.o(.text.SYSCFG_DL_init) refers to ti_msp_dl_config.o(.text.SYSCFG_DL_stepMotor2_init) for SYSCFG_DL_stepMotor2_init
    ti_msp_dl_config.o(.text.SYSCFG_DL_init) refers to ti_msp_dl_config.o(.text.SYSCFG_DL_stepMotor1_init) for SYSCFG_DL_stepMotor1_init
    ti_msp_dl_config.o(.ARM.exidx.text.SYSCFG_DL_init) refers to ti_msp_dl_config.o(.text.SYSCFG_DL_init) for [Anonymous Symbol]
    ti_msp_dl_config.o(.text.SYSCFG_DL_initPower) refers to dl_common.o(.text.DL_Common_delayCycles) for DL_Common_delayCycles
    ti_msp_dl_config.o(.ARM.exidx.text.SYSCFG_DL_initPower) refers to ti_msp_dl_config.o(.text.SYSCFG_DL_initPower) for [Anonymous Symbol]
    ti_msp_dl_config.o(.ARM.exidx.text.SYSCFG_DL_GPIO_init) refers to ti_msp_dl_config.o(.text.SYSCFG_DL_GPIO_init) for [Anonymous Symbol]
    ti_msp_dl_config.o(.text.SYSCFG_DL_SYSCTL_init) refers to dl_sysctl_mspm0g1x0x_g3x0x.o(.text.DL_SYSCTL_configSYSPLL) for DL_SYSCTL_configSYSPLL
    ti_msp_dl_config.o(.text.SYSCFG_DL_SYSCTL_init) refers to dl_sysctl_mspm0g1x0x_g3x0x.o(.text.DL_SYSCTL_switchMCLKfromSYSOSCtoHSCLK) for DL_SYSCTL_switchMCLKfromSYSOSCtoHSCLK
    ti_msp_dl_config.o(.text.SYSCFG_DL_SYSCTL_init) refers to ti_msp_dl_config.o(.rodata.gSYSPLLConfig) for [Anonymous Symbol]
    ti_msp_dl_config.o(.ARM.exidx.text.SYSCFG_DL_SYSCTL_init) refers to ti_msp_dl_config.o(.text.SYSCFG_DL_SYSCTL_init) for [Anonymous Symbol]
    ti_msp_dl_config.o(.text.SYSCFG_DL_stepMotor2_init) refers to dl_uart.o(.text.DL_UART_setClockConfig) for DL_UART_setClockConfig
    ti_msp_dl_config.o(.text.SYSCFG_DL_stepMotor2_init) refers to dl_uart.o(.text.DL_UART_init) for DL_UART_init
    ti_msp_dl_config.o(.text.SYSCFG_DL_stepMotor2_init) refers to ti_msp_dl_config.o(.rodata.gstepMotor2ClockConfig) for [Anonymous Symbol]
    ti_msp_dl_config.o(.text.SYSCFG_DL_stepMotor2_init) refers to ti_msp_dl_config.o(.rodata.gstepMotor2Config) for [Anonymous Symbol]
    ti_msp_dl_config.o(.ARM.exidx.text.SYSCFG_DL_stepMotor2_init) refers to ti_msp_dl_config.o(.text.SYSCFG_DL_stepMotor2_init) for [Anonymous Symbol]
    ti_msp_dl_config.o(.text.SYSCFG_DL_stepMotor1_init) refers to dl_uart.o(.text.DL_UART_setClockConfig) for DL_UART_setClockConfig
    ti_msp_dl_config.o(.text.SYSCFG_DL_stepMotor1_init) refers to dl_uart.o(.text.DL_UART_init) for DL_UART_init
    ti_msp_dl_config.o(.text.SYSCFG_DL_stepMotor1_init) refers to ti_msp_dl_config.o(.rodata.gstepMotor1ClockConfig) for [Anonymous Symbol]
    ti_msp_dl_config.o(.text.SYSCFG_DL_stepMotor1_init) refers to ti_msp_dl_config.o(.rodata.gstepMotor1Config) for [Anonymous Symbol]
    ti_msp_dl_config.o(.ARM.exidx.text.SYSCFG_DL_stepMotor1_init) refers to ti_msp_dl_config.o(.text.SYSCFG_DL_stepMotor1_init) for [Anonymous Symbol]
    main.o(.text.main) refers to ti_msp_dl_config.o(.text.SYSCFG_DL_init) for SYSCFG_DL_init
    main.o(.text.main) refers to pitch_motor_control.o(.text.pitch_motor_init) for pitch_motor_init
    main.o(.text.main) refers to pitch_motor_control.o(.text.pitch_motor_enable) for pitch_motor_enable
    main.o(.text.main) refers to pitch_motor_control.o(.text.pitch_motor_poll) for pitch_motor_poll
    main.o(.text.main) refers to dl_common.o(.text.DL_Common_delayCycles) for DL_Common_delayCycles
    main.o(.text.main) refers to main.o(.bss.g_yaw_motor) for [Anonymous Symbol]
    main.o(.text.main) refers to main.o(.bss.g_pitch_motor) for [Anonymous Symbol]
    main.o(.ARM.exidx.text.main) refers to main.o(.text.main) for [Anonymous Symbol]
[...]
    Removing dl_flashctl.o(.text.DL_FlashCTL_unprotectDataMemory), (20 bytes).
    Removing dl_flashctl.o(.ARM.exidx.text.DL_FlashCTL_unprotectDataMemory), (8 bytes).
    Removing dl_flashctl.o(.text.DL_FlashCTL_protectMainMemory), (20 bytes).
    Removing dl_flashctl.o(.ARM.exidx.text.DL_FlashCTL_protectMainMemory), (8 bytes).
    Removing dl_flashctl.o(.text.DL_FlashCTL_unprotectAllMemory), (32 bytes).
    Removing dl_flashctl.o(.ARM.exidx.text.DL_FlashCTL_unprotectAllMemory), (8 bytes).
    Removing dl_flashctl.o(.text.DL_FlashCTL_protectAllMemory), (36 bytes).
    Removing dl_flashctl.o(.ARM.exidx.text.DL_FlashCTL_protectAllMemory), (8 bytes).
    Removing dl_flashctl.o(.text.DL_FlashCTL_protectSector), (216 bytes).
    Removing dl_flashctl.o(.ARM.exidx.text.DL_FlashCTL_protectSector), (8 bytes).
    Removing dl_flashctl.o(.text.DL_FlashCTL_readVerify8), (32 bytes).
    Removing dl_flashctl.o(.ARM.exidx.text.DL_FlashCTL_readVerify8), (8 bytes).
    Removing dl_flashctl.o(.text.DL_FlashCTL_readVerify16), (32 bytes).
    Removing dl_flashctl.o(.ARM.exidx.text.DL_FlashCTL_readVerify16), (8 bytes).
    Removing dl_flashctl.o(.text.DL_FlashCTL_readVerify32), (34 bytes).
    Removing dl_flashctl.o(.ARM.exidx.text.DL_FlashCTL_readVerify32), (8 bytes).
    Removing dl_flashctl.o(.text.DL_FlashCTL_readVerify64), (38 bytes).
    Removing dl_flashctl.o(.ARM.exidx.text.DL_FlashCTL_readVerify64), (8 bytes).
    Removing dl_flashctl.o(.text.DL_FlashCTL_readVerifyFromRAM8), (40 bytes).
    Removing dl_flashctl.o(.ARM.exidx.text.DL_FlashCTL_readVerifyFromRAM8), (8 bytes).
    Removing dl_flashctl.o(.text.DL_FlashCTL_readVerifyFromRAM16), (36 bytes).
    Removing dl_flashctl.o(.ARM.exidx.text.DL_FlashCTL_readVerifyFromRAM16), (8 bytes).
    Removing dl_flashctl.o(.text.DL_FlashCTL_readVerifyFromRAM32), (40 bytes).
    Removing dl_flashctl.o(.ARM.exidx.text.DL_FlashCTL_readVerifyFromRAM32), (8 bytes).
    Removing dl_flashctl.o(.text.DL_FlashCTL_readVerifyFromRAM64), (44 bytes).
    Removing dl_flashctl.o(.ARM.exidx.text.DL_FlashCTL_readVerifyFromRAM64), (8 bytes).
    Removing dl_flashctl.o(.text.DL_FlashCTL_readVerifyFromRAM8WithECCGenerated), (40 bytes).
    Removing dl_flashctl.o(.ARM.exidx.text.DL_FlashCTL_readVerifyFromRAM8WithECCGenerated), (8 bytes).
    Removing dl_flashctl.o(.text.DL_FlashCTL_readVerifyFromRAM16WithECCGenerated), (40 bytes).
    Removing dl_flashctl.o(.ARM.exidx.text.DL_FlashCTL_readVerifyFromRAM16WithECCGenerated), (8 bytes).
    Removing dl_flashctl.o(.text.DL_FlashCTL_readVerifyFromRAM32WithECCGenerated), (40 bytes).
    Removing dl_flashctl.o(.ARM.exidx.text.DL_FlashCTL_readVerifyFromRAM32WithECCGenerated), (8 bytes).
    Removing dl_flashctl.o(.text.DL_FlashCTL_readVerifyFromRAM64WithECCGenerated), (48 bytes).
    Removing dl_flashctl.o(.ARM.exidx.text.DL_FlashCTL_readVerifyFromRAM64WithECCGenerated), (8 bytes).
    Removing dl_flashctl.o(.text.DL_FlashCTL_readVerifyFromRAM8WithECCManual), (52 bytes).
    Removing dl_flashctl.o(.ARM.exidx.text.DL_FlashCTL_readVerifyFromRAM8WithECCManual), (8 bytes).
    Removing dl_flashctl.o(.text.DL_FlashCTL_readVerifyFromRAM16WithECCManual), (52 bytes).
    Removing dl_flashctl.o(.ARM.exidx.text.DL_FlashCTL_readVerifyFromRAM16WithECCManual), (8 bytes).
    Removing dl_flashctl.o(.text.DL_FlashCTL_readVerifyFromRAM32WithECCManual), (52 bytes).
    Removing dl_flashctl.o(.ARM.exidx.text.DL_FlashCTL_readVerifyFromRAM32WithECCManual), (8 bytes).
    Removing dl_flashctl.o(.text.DL_FlashCTL_readVerifyFromRAM64WithECCManual), (56 bytes).
    Removing dl_flashctl.o(.ARM.exidx.text.DL_FlashCTL_readVerifyFromRAM64WithECCManual), (8 bytes).
    Removing dl_flashctl.o(.text.DL_FlashCTL_readVerify8WithECCGenerated), (36 bytes).
    Removing dl_flashctl.o(.ARM.exidx.text.DL_FlashCTL_readVerify8WithECCGenerated), (8 bytes).
    Removing dl_flashctl.o(.text.DL_FlashCTL_readVerify16WithECCGenerated), (36 bytes).
    Removing dl_flashctl.o(.ARM.exidx.text.DL_FlashCTL_readVerify16WithECCGenerated), (8 bytes).
    Removing dl_flashctl.o(.text.DL_FlashCTL_readVerify32WithECCGenerated), (36 bytes).
    Removing dl_flashctl.o(.ARM.exidx.text.DL_FlashCTL_readVerify32WithECCGenerated), (8 bytes).
    Removing dl_flashctl.o(.text.DL_FlashCTL_readVerify64WithECCGenerated), (44 bytes).
    Removing dl_flashctl.o(.ARM.exidx.text.DL_FlashCTL_readVerify64WithECCGenerated), (8 bytes).
    Removing dl_flashctl.o(.text.DL_FlashCTL_readVerify8WithECCManual), (48 bytes).
    Removing dl_flashctl.o(.ARM.exidx.text.DL_FlashCTL_readVerify8WithECCManual), (8 bytes).
    Removing dl_flashctl.o(.text.DL_FlashCTL_readVerify16WithECCManual), (48 bytes).
    Removing dl_flashctl.o(.ARM.exidx.text.DL_FlashCTL_readVerify16WithECCManual), (8 bytes).
    Removing dl_flashctl.o(.text.DL_FlashCTL_readVerify32WithECCManual), (48 bytes).
    Removing dl_flashctl.o(.ARM.exidx.text.DL_FlashCTL_readVerify32WithECCManual), (8 bytes).
    Removing dl_flashctl.o(.text.DL_FlashCTL_readVerify64WithECCManual), (52 bytes).
    Removing dl_flashctl.o(.ARM.exidx.text.DL_FlashCTL_readVerify64WithECCManual), (8 bytes).
    Removing dl_flashctl.o(.text.DL_FlashCTL_blankVerify), (24 bytes).
    Removing dl_flashctl.o(.ARM.exidx.text.DL_FlashCTL_blankVerify), (8 bytes).
    Removing dl_flashctl.o(.text.DL_FlashCTL_blankVerifyFromRAM), (24 bytes).
    Removing dl_flashctl.o(.ARM.exidx.text.DL_FlashCTL_blankVerifyFromRAM), (8 bytes).
    Removing dl_gpamp.o(.text), (0 bytes).
    Removing dl_gpio.o(.text), (0 bytes).
    Removing dl_i2c.o(.text), (0 bytes).
    Removing dl_i2c.o(.text.DL_I2C_setClockConfig), (38 bytes).
    Removing dl_i2c.o(.ARM.exidx.text.DL_I2C_setClockConfig), (8 bytes).
    Removing dl_i2c.o(.text.DL_I2C_getClockConfig), (26 bytes).
    Removing dl_i2c.o(.ARM.exidx.text.DL_I2C_getClockConfig), (8 bytes).
    Removing dl_i2c.o(.text.DL_I2C_fillControllerTXFIFO), (128 bytes).
    Removing dl_i2c.o(.ARM.exidx.text.DL_I2C_fillControllerTXFIFO), (8 bytes).
    Removing dl_i2c.o(.text.DL_I2C_flushControllerTXFIFO), (68 bytes).
    Removing dl_i2c.o(.ARM.exidx.text.DL_I2C_flushControllerTXFIFO), (8 bytes).
    Removing dl_i2c.o(.text.DL_I2C_flushControllerRXFIFO), (52 bytes).
    Removing dl_i2c.o(.ARM.exidx.text.DL_I2C_flushControllerRXFIFO), (8 bytes).
    Removing dl_i2c.o(.text.DL_I2C_fillTargetTXFIFO), (132 bytes).
    Removing dl_i2c.o(.ARM.exidx.text.DL_I2C_fillTargetTXFIFO), (8 bytes).
    Removing dl_i2c.o(.text.DL_I2C_flushTargetTXFIFO), (68 bytes).
    Removing dl_i2c.o(.ARM.exidx.text.DL_I2C_flushTargetTXFIFO), (8 bytes).
    Removing dl_i2c.o(.text.DL_I2C_flushTargetRXFIFO), (52 bytes).
    Removing dl_i2c.o(.ARM.exidx.text.DL_I2C_flushTargetRXFIFO), (8 bytes).
    Removing dl_i2c.o(.text.DL_I2C_transmitTargetDataBlocking), (36 bytes).
    Removing dl_i2c.o(.ARM.exidx.text.DL_I2C_transmitTargetDataBlocking), (8 bytes).
    Removing dl_i2c.o(.text.DL_I2C_transmitTargetDataCheck), (28 bytes).
    Removing dl_i2c.o(.ARM.exidx.text.DL_I2C_transmitTargetDataCheck), (8 bytes).
    Removing dl_i2c.o(.text.DL_I2C_receiveTargetDataBlocking), (40 bytes).
    Removing dl_i2c.o(.ARM.exidx.text.DL_I2C_receiveTargetDataBlocking), (8 bytes).
    Removing dl_i2c.o(.text.DL_I2C_receiveTargetDataCheck), (24 bytes).
    Removing dl_i2c.o(.ARM.exidx.text.DL_I2C_receiveTargetDataCheck), (8 bytes).
    Removing dl_iwdt.o(.text), (0 bytes).
    Removing dl_keystorectl.o(.text), (0 bytes).
    Removing dl_lcd.o(.text), (0 bytes).
    Removing dl_lfss.o(.text), (0 bytes).
    Removing dl_mathacl.o(.text), (0 bytes).
    Removing dl_mathacl.o(.text.DL_MathACL_configOperation), (40 bytes).
    Removing dl_mathacl.o(.ARM.exidx.text.DL_MathACL_configOperation), (8 bytes).
    Removing dl_mcan.o(.text), (0 bytes).
    Removing dl_mcan.o(.text.DL_MCAN_isReady), (20 bytes).
    Removing dl_mcan.o(.ARM.exidx.text.DL_MCAN_isReady), (8 bytes).
    Removing dl_mcan.o(.text.DL_MCAN_setClockConfig), (36 bytes).
    Removing dl_mcan.o(.ARM.exidx.text.DL_MCAN_setClockConfig), (8 bytes).
    Removing dl_mcan.o(.text.DL_MCAN_getClockConfig), (20 bytes).
    Removing dl_mcan.o(.ARM.exidx.text.DL_MCAN_getClockConfig), (8 bytes).
    Removing dl_mcan.o(.text.DL_MCAN_isInReset), (16 bytes).
    Removing dl_mcan.o(.ARM.exidx.text.DL_MCAN_isInReset), (8 bytes).
    Removing dl_mcan.o(.text.DL_MCAN_isFDOpEnable), (16 bytes).
    Removing dl_mcan.o(.ARM.exidx.text.DL_MCAN_isFDOpEnable), (8 bytes).
    Removing dl_mcan.o(.text.DL_MCAN_isMemInitDone), (16 bytes).
    Removing dl_mcan.o(.ARM.exidx.text.DL_MCAN_isMemInitDone), (8 bytes).
    Removing dl_mcan.o(.text.DL_MCAN_setOpMode), (24 bytes).
    Removing dl_mcan.o(.ARM.exidx.text.DL_MCAN_setOpMode), (8 bytes).
    Removing dl_mcan.o(.text.DL_MCAN_getOpMode), (16 bytes).
    Removing dl_mcan.o(.ARM.exidx.text.DL_MCAN_getOpMode), (8 bytes).
    Removing dl_mcan.o(.text.DL_MCAN_init), (236 bytes).
    Removing dl_mcan.o(.ARM.exidx.text.DL_MCAN_init), (8 bytes).
    Removing dl_mcan.o(.text.DL_MCAN_config), (224 bytes).
    Removing dl_mcan.o(.ARM.exidx.text.DL_MCAN_config), (8 bytes).
    Removing dl_mcan.o(.text.DL_MCAN_eccConfig), (184 bytes).
    Removing dl_mcan.o(.ARM.exidx.text.DL_MCAN_eccConfig), (8 bytes).
    Removing dl_mcan.o(.text.DL_MCAN_setBitTime), (216 bytes).
    Removing dl_mcan.o(.ARM.exidx.text.DL_MCAN_setBitTime), (8 bytes).
    Removing dl_mcan.o(.text.DL_MCAN_msgRAMConfig), (560 bytes).
    Removing dl_mcan.o(.ARM.exidx.text.DL_MCAN_msgRAMConfig), (8 bytes).
    Removing dl_mcan.o(.text.DL_MCAN_setExtIDAndMask), (60 bytes).
    Removing dl_mcan.o(.ARM.exidx.text.DL_MCAN_setExtIDAndMask), (8 bytes).
    Removing dl_mcan.o(.text.DL_MCAN_writeMsgRam), (244 bytes).
    Removing dl_mcan.o(.ARM.exidx.text.DL_MCAN_writeMsgRam), (8 bytes).
    Removing dl_mcan.o(.text.DL_MCAN_TXBufAddReq), (52 bytes).
    Removing dl_mcan.o(.ARM.exidx.text.DL_MCAN_TXBufAddReq), (8 bytes).
    Removing dl_mcan.o(.text.DL_MCAN_getNewDataStatus), (20 bytes).
    Removing dl_mcan.o(.ARM.exidx.text.DL_MCAN_getNewDataStatus), (8 bytes).
    Removing dl_mcan.o(.text.DL_MCAN_clearNewDataStatus), (20 bytes).
    Removing dl_mcan.o(.ARM.exidx.text.DL_MCAN_clearNewDataStatus), (8 bytes).
    Removing dl_mcan.o(.text.DL_MCAN_readMsgRam), (268 bytes).
    Removing dl_mcan.o(.ARM.exidx.text.DL_MCAN_readMsgRam), (8 bytes).
    Removing dl_mcan.o(.text.DL_MCAN_readTxEventFIFO), (96 bytes).
    Removing dl_mcan.o(.ARM.exidx.text.DL_MCAN_readTxEventFIFO), (8 bytes).
    Removing dl_mcan.o(.text.DL_MCAN_addStdMsgIDFilter), (44 bytes).
    Removing dl_mcan.o(.ARM.exidx.text.DL_MCAN_addStdMsgIDFilter), (8 bytes).
    Removing dl_mcan.o(.text.DL_MCAN_addExtMsgIDFilter), (44 bytes).
    Removing dl_mcan.o(.ARM.exidx.text.DL_MCAN_addExtMsgIDFilter), (8 bytes).
    Removing dl_mcan.o(.text.DL_MCAN_lpbkModeEnable), (88 bytes).
    Removing dl_mcan.o(.ARM.exidx.text.DL_MCAN_lpbkModeEnable), (8 bytes).
    Removing dl_mcan.o(.text.DL_MCAN_getErrCounters), (40 bytes).
    Removing dl_mcan.o(.ARM.exidx.text.DL_MCAN_getErrCounters), (8 bytes).
    Removing dl_mcan.o(.text.DL_MCAN_getProtocolStatus), (80 bytes).
    Removing dl_mcan.o(.ARM.exidx.text.DL_MCAN_getProtocolStatus), (8 bytes).
    Removing dl_mcan.o(.text.DL_MCAN_enableIntr), (28 bytes).
    Removing dl_mcan.o(.ARM.exidx.text.DL_MCAN_enableIntr), (8 bytes).
    Removing dl_mcan.o(.text.DL_MCAN_selectIntrLine), (28 bytes).
    Removing dl_mcan.o(.ARM.exidx.text.DL_MCAN_selectIntrLine), (8 bytes).
    Removing dl_mcan.o(.text.DL_MCAN_getIntrLineSelectStatus), (12 bytes).
    Removing dl_mcan.o(.ARM.exidx.text.DL_MCAN_getIntrLineSelectStatus), (8 bytes).
    Removing dl_mcan.o(.text.DL_MCAN_enableIntrLine), (28 bytes).
    Removing dl_mcan.o(.ARM.exidx.text.DL_MCAN_enableIntrLine), (8 bytes).
    Removing dl_mcan.o(.text.DL_MCAN_getIntrStatus), (12 bytes).
    Removing dl_mcan.o(.ARM.exidx.text.DL_MCAN_getIntrStatus), (8 bytes).
    Removing dl_mcan.o(.text.DL_MCAN_clearIntrStatus), (20 bytes).
    Removing dl_mcan.o(.ARM.exidx.text.DL_MCAN_clearIntrStatus), (8 bytes).
    Removing dl_mcan.o(.text.DL_MCAN_getHighPriorityMsgStatus), (44 bytes).
    Removing dl_mcan.o(.ARM.exidx.text.DL_MCAN_getHighPriorityMsgStatus), (8 bytes).
    Removing dl_mcan.o(.text.DL_MCAN_getRxFIFOStatus), (56 bytes).
    Removing dl_mcan.o(.ARM.exidx.text.DL_MCAN_getRxFIFOStatus), (8 bytes).
    Removing dl_mcan.o(.text.DL_MCAN_writeRxFIFOAck), (72 bytes).
    Removing dl_mcan.o(.ARM.exidx.text.DL_MCAN_writeRxFIFOAck), (8 bytes).
    Removing dl_mcan.o(.text.DL_MCAN_getTxFIFOQueStatus), (36 bytes).
    Removing dl_mcan.o(.ARM.exidx.text.DL_MCAN_getTxFIFOQueStatus), (8 bytes).
    Removing dl_mcan.o(.text.DL_MCAN_getTxBufReqPend), (12 bytes).
    Removing dl_mcan.o(.ARM.exidx.text.DL_MCAN_getTxBufReqPend), (8 bytes).
    Removing dl_mcan.o(.text.DL_MCAN_txBufCancellationReq), (52 bytes).
    Removing dl_mcan.o(.ARM.exidx.text.DL_MCAN_txBufCancellationReq), (8 bytes).
    Removing dl_mcan.o(.text.DL_MCAN_getTxBufTransmissionStatus), (12 bytes).
    Removing dl_mcan.o(.ARM.exidx.text.DL_MCAN_getTxBufTransmissionStatus), (8 bytes).
    Removing dl_mcan.o(.text.DL_MCAN_txBufCancellationStatus), (12 bytes).
    Removing dl_mcan.o(.ARM.exidx.text.DL_MCAN_txBufCancellationStatus), (8 bytes).
    Removing dl_mcan.o(.text.DL_MCAN_TXBufTransIntrEnable), (44 bytes).
    Removing dl_mcan.o(.ARM.exidx.text.DL_MCAN_TXBufTransIntrEnable), (8 bytes).
    Removing dl_mcan.o(.text.DL_MCAN_getTxBufCancellationIntrEnable), (44 bytes).
    Removing dl_mcan.o(.ARM.exidx.text.DL_MCAN_getTxBufCancellationIntrEnable), (8 bytes).
    Removing dl_mcan.o(.text.DL_MCAN_getTxEventFIFOStatus), (44 bytes).
    Removing dl_mcan.o(.ARM.exidx.text.DL_MCAN_getTxEventFIFOStatus), (8 bytes).
    Removing dl_mcan.o(.text.DL_MCAN_addClockStopRequest), (28 bytes).
    Removing dl_mcan.o(.ARM.exidx.text.DL_MCAN_addClockStopRequest), (8 bytes).
    Removing dl_mcan.o(.text.DL_MCAN_writeTxEventFIFOAck), (44 bytes).
    Removing dl_mcan.o(.ARM.exidx.text.DL_MCAN_writeTxEventFIFOAck), (8 bytes).
    Removing dl_mcan.o(.text.DL_MCAN_eccForceError), (220 bytes).
    Removing dl_mcan.o(.ARM.exidx.text.DL_MCAN_eccForceError), (8 bytes).
    Removing dl_mcan.o(.text.DL_MCAN_eccGetErrorStatus), (128 bytes).
    Removing dl_mcan.o(.ARM.exidx.text.DL_MCAN_eccGetErrorStatus), (8 bytes).
    Removing dl_mcan.o(.text.DL_MCAN_eccClearErrorStatus), (112 bytes).
    Removing dl_mcan.o(.ARM.exidx.text.DL_MCAN_eccClearErrorStatus), (8 bytes).
    Removing dl_mcan.o(.text.DL_MCAN_eccWriteEOI), (32 bytes).
    Removing dl_mcan.o(.ARM.exidx.text.DL_MCAN_eccWriteEOI), (8 bytes).
    Removing dl_mcan.o(.text.DL_MCAN_eccEnableIntr), (46 bytes).
    Removing dl_mcan.o(.ARM.exidx.text.DL_MCAN_eccEnableIntr), (8 bytes).
    Removing dl_mcan.o(.text.DL_MCAN_eccGetIntrStatus), (36 bytes).
    Removing dl_mcan.o(.ARM.exidx.text.DL_MCAN_eccGetIntrStatus), (8 bytes).
    Removing dl_mcan.o(.text.DL_MCAN_eccClearIntrStatus), (32 bytes).
    Removing dl_mcan.o(.ARM.exidx.text.DL_MCAN_eccClearIntrStatus), (8 bytes).
    Removing dl_mcan.o(.text.DL_MCAN_extTSCounterConfig), (24 bytes).
    Removing dl_mcan.o(.ARM.exidx.text.DL_MCAN_extTSCounterConfig), (8 bytes).
    Removing dl_mcan.o(.text.DL_MCAN_extTSCounterEnable), (28 bytes).
    Removing dl_mcan.o(.ARM.exidx.text.DL_MCAN_extTSCounterEnable), (8 bytes).
    Removing dl_mcan.o(.text.DL_MCAN_extTSEnableIntr), (24 bytes).
    Removing dl_mcan.o(.ARM.exidx.text.DL_MCAN_extTSEnableIntr), (8 bytes).
    Removing dl_mcan.o(.text.DL_MCAN_extTSWriteEOI), (20 bytes).
    Removing dl_mcan.o(.ARM.exidx.text.DL_MCAN_extTSWriteEOI), (8 bytes).
    Removing dl_mcan.o(.text.DL_MCAN_extTSGetUnservicedIntrCount), (16 bytes).
    Removing dl_mcan.o(.ARM.exidx.text.DL_MCAN_extTSGetUnservicedIntrCount), (8 bytes).
    Removing dl_mcan.o(.text.DL_MCAN_getRevisionId), (68 bytes).
    Removing dl_mcan.o(.ARM.exidx.text.DL_MCAN_getRevisionId), (8 bytes).
    Removing dl_mcan.o(.text.DL_MCAN_getClockStopAck), (16 bytes).
    Removing dl_mcan.o(.ARM.exidx.text.DL_MCAN_getClockStopAck), (8 bytes).
    Removing dl_mcan.o(.text.DL_MCAN_extTSSetRawStatus), (16 bytes).
    Removing dl_mcan.o(.ARM.exidx.text.DL_MCAN_extTSSetRawStatus), (8 bytes).
    Removing dl_mcan.o(.text.DL_MCAN_extTSClearRawStatus), (16 bytes).
    Removing dl_mcan.o(.ARM.exidx.text.DL_MCAN_extTSClearRawStatus), (8 bytes).
    Removing dl_mcan.o(.text.DL_MCAN_getRxPinState), (16 bytes).
    Removing dl_mcan.o(.ARM.exidx.text.DL_MCAN_getRxPinState), (8 bytes).
    Removing dl_mcan.o(.text.DL_MCAN_setTxPinState), (48 bytes).
    Removing dl_mcan.o(.ARM.exidx.text.DL_MCAN_setTxPinState), (8 bytes).
    Removing dl_mcan.o(.text.DL_MCAN_getTxPinState), (16 bytes).
    Removing dl_mcan.o(.ARM.exidx.text.DL_MCAN_getTxPinState), (8 bytes).
    Removing dl_mcan.o(.text.DL_MCAN_getTSCounterVal), (12 bytes).
    Removing dl_mcan.o(.ARM.exidx.text.DL_MCAN_getTSCounterVal), (8 bytes).
    Removing dl_mcan.o(.text.DL_MCAN_getClkStopAck), (16 bytes).
    Removing dl_mcan.o(.ARM.exidx.text.DL_MCAN_getClkStopAck), (8 bytes).
    Removing dl_mcan.o(.text.DL_MCAN_getBitTime), (76 bytes).
    Removing dl_mcan.o(.ARM.exidx.text.DL_MCAN_getBitTime), (8 bytes).
    Removing dl_mcan.o(.text.DL_MCAN_resetTSCounter), (20 bytes).
    Removing dl_mcan.o(.ARM.exidx.text.DL_MCAN_resetTSCounter), (8 bytes).
    Removing dl_mcan.o(.text.DL_MCAN_getTOCounterVal), (12 bytes).
    Removing dl_mcan.o(.ARM.exidx.text.DL_MCAN_getTOCounterVal), (8 bytes).
    Removing dl_mcan.o(.text.DL_MCAN_eccAggrGetRevisionId), (32 bytes).
    Removing dl_mcan.o(.ARM.exidx.text.DL_MCAN_eccAggrGetRevisionId), (8 bytes).
    Removing dl_mcan.o(.text.DL_MCAN_eccWrapGetRevisionId), (84 bytes).
    Removing dl_mcan.o(.ARM.exidx.text.DL_MCAN_eccWrapGetRevisionId), (8 bytes).
    Removing dl_mcan.o(.text.DL_MCAN_extTSIsIntrEnable), (16 bytes).
    Removing dl_mcan.o(.ARM.exidx.text.DL_MCAN_extTSIsIntrEnable), (8 bytes).
    Removing dl_mcan.o(.text.DL_MCAN_getEndianVal), (12 bytes).
    Removing dl_mcan.o(.ARM.exidx.text.DL_MCAN_getEndianVal), (8 bytes).
    Removing dl_mcan.o(.text.DL_MCAN_getExtIDANDMask), (16 bytes).
    Removing dl_mcan.o(.ARM.exidx.text.DL_MCAN_getExtIDANDMask), (8 bytes).
    Removing dl_mcan.o(.text.DL_MCAN_saveConfiguration), (304 bytes).
    Removing dl_mcan.o(.ARM.exidx.text.DL_MCAN_saveConfiguration), (8 bytes).
    Removing dl_mcan.o(.text.DL_MCAN_restoreConfiguration), (344 bytes).
    Removing dl_mcan.o(.ARM.exidx.text.DL_MCAN_restoreConfiguration), (8 bytes).
    Removing dl_mcan.o(.rodata..L__const.DL_MCAN_getDataSize.dataSize), (64 bytes).
    Removing dl_mcan.o(.rodata.cst32), (32 bytes).
    Removing dl_opa.o(.text), (0 bytes).
    Removing dl_opa.o(.text.DL_OPA_increaseGain), (52 bytes).
    Removing dl_opa.o(.ARM.exidx.text.DL_OPA_increaseGain), (8 bytes).
    Removing dl_opa.o(.text.DL_OPA_decreaseGain), (48 bytes).
    Removing dl_opa.o(.ARM.exidx.text.DL_OPA_decreaseGain), (8 bytes).
    Removing dl_rtc.o(.text), (0 bytes).
    Removing dl_rtc_a.o(.text), (0 bytes).
    Removing dl_rtc_b.o(.text), (0 bytes).
    Removing dl_rtc_common.o(.text), (0 bytes).
    Removing dl_rtc_common.o(.text.DL_RTC_Common_initCalendar), (160 bytes).
    Removing dl_rtc_common.o(.ARM.exidx.text.DL_RTC_Common_initCalendar), (8 bytes).
    Removing dl_rtc_common.o(.text.DL_RTC_Common_getCalendarTime), (132 bytes).
    Removing dl_rtc_common.o(.ARM.exidx.text.DL_RTC_Common_getCalendarTime), (8 bytes).
    Removing dl_rtc_common.o(.text.DL_RTC_Common_setCalendarAlarm1), (100 bytes).
    Removing dl_rtc_common.o(.ARM.exidx.text.DL_RTC_Common_setCalendarAlarm1), (8 bytes).
    Removing dl_rtc_common.o(.text.DL_RTC_Common_getCalendarAlarm1), (88 bytes).
    Removing dl_rtc_common.o(.ARM.exidx.text.DL_RTC_Common_getCalendarAlarm1), (8 bytes).
    Removing dl_rtc_common.o(.text.DL_RTC_Common_enableCalendarAlarm1), (68 bytes).
    Removing dl_rtc_common.o(.ARM.exidx.text.DL_RTC_Common_enableCalendarAlarm1), (8 bytes).
    Removing dl_rtc_common.o(.text.DL_RTC_Common_disableCalendarAlarm1), (76 bytes).
    Removing dl_rtc_common.o(.ARM.exidx.text.DL_RTC_Common_disableCalendarAlarm1), (8 bytes).
    Removing dl_rtc_common.o(.text.DL_RTC_Common_setCalendarAlarm2), (100 bytes).
    Removing dl_rtc_common.o(.ARM.exidx.text.DL_RTC_Common_setCalendarAlarm2), (8 bytes).
    Removing dl_rtc_common.o(.text.DL_RTC_Common_getCalendarAlarm2), (88 bytes).
    Removing dl_rtc_common.o(.ARM.exidx.text.DL_RTC_Common_getCalendarAlarm2), (8 bytes).
    Removing dl_rtc_common.o(.text.DL_RTC_Common_enableCalendarAlarm2), (68 bytes).
    Removing dl_rtc_common.o(.ARM.exidx.text.DL_RTC_Common_enableCalendarAlarm2), (8 bytes).
    Removing dl_rtc_common.o(.text.DL_RTC_Common_disableCalendarAlarm2), (76 bytes).
    Removing dl_rtc_common.o(.ARM.exidx.text.DL_RTC_Common_disableCalendarAlarm2), (8 bytes).
    Removing dl_scratchpad.o(.text), (0 bytes).
    Removing dl_spi.o(.text), (0 bytes).
    Removing dl_spi.o(.text.DL_SPI_init), (68 bytes).
    Removing dl_spi.o(.ARM.exidx.text.DL_SPI_init), (8 bytes).
    Removing dl_spi.o(.text.DL_SPI_setClockConfig), (18 bytes).
    Removing dl_spi.o(.ARM.exidx.text.DL_SPI_setClockConfig), (8 bytes).
    Removing dl_spi.o(.text.DL_SPI_getClockConfig), (16 bytes).
    Removing dl_spi.o(.ARM.exidx.text.DL_SPI_getClockConfig), (8 bytes).
    Removing dl_spi.o(.text.DL_SPI_receiveDataBlocking8), (48 bytes).
    Removing dl_spi.o(.ARM.exidx.text.DL_SPI_receiveDataBlocking8), (8 bytes).
    Removing dl_spi.o(.text.DL_SPI_receiveDataBlocking16), (48 bytes).
    Removing dl_spi.o(.ARM.exidx.text.DL_SPI_receiveDataBlocking16), (8 bytes).
    Removing dl_spi.o(.text.DL_SPI_receiveDataBlocking32), (44 bytes).
    Removing dl_spi.o(.ARM.exidx.text.DL_SPI_receiveDataBlocking32), (8 bytes).
    Removing dl_spi.o(.text.DL_SPI_transmitDataBlocking8), (44 bytes).
    Removing dl_spi.o(.ARM.exidx.text.DL_SPI_transmitDataBlocking8), (8 bytes).
    Removing dl_spi.o(.text.DL_SPI_transmitDataBlocking16), (44 bytes).
    Removing dl_spi.o(.ARM.exidx.text.DL_SPI_transmitDataBlocking16), (8 bytes).
    Removing dl_spi.o(.text.DL_SPI_transmitDataBlocking32), (44 bytes).
    Removing dl_spi.o(.ARM.exidx.text.DL_SPI_transmitDataBlocking32), (8 bytes).
    Removing dl_spi.o(.text.DL_SPI_receiveDataCheck8), (32 bytes).
    Removing dl_spi.o(.ARM.exidx.text.DL_SPI_receiveDataCheck8), (8 bytes).
    Removing dl_spi.o(.text.DL_SPI_receiveDataCheck16), (32 bytes).
    Removing dl_spi.o(.ARM.exidx.text.DL_SPI_receiveDataCheck16), (8 bytes).
    Removing dl_spi.o(.text.DL_SPI_receiveDataCheck32), (32 bytes).
    Removing dl_spi.o(.ARM.exidx.text.DL_SPI_receiveDataCheck32), (8 bytes).
    Removing dl_spi.o(.text.DL_SPI_transmitDataCheck8), (32 bytes).
    Removing dl_spi.o(.ARM.exidx.text.DL_SPI_transmitDataCheck8), (8 bytes).
    Removing dl_spi.o(.text.DL_SPI_transmitDataCheck16), (32 bytes).
    Removing dl_spi.o(.ARM.exidx.text.DL_SPI_transmitDataCheck16), (8 bytes).
    Removing dl_spi.o(.text.DL_SPI_transmitDataCheck32), (32 bytes).
    Removing dl_spi.o(.ARM.exidx.text.DL_SPI_transmitDataCheck32), (8 bytes).
    Removing dl_spi.o(.text.DL_SPI_drainRXFIFO8), (128 bytes).
    Removing dl_spi.o(.ARM.exidx.text.DL_SPI_drainRXFIFO8), (8 bytes).
    Removing dl_spi.o(.text.DL_SPI_drainRXFIFO16), (128 bytes).
    Removing dl_spi.o(.ARM.exidx.text.DL_SPI_drainRXFIFO16), (8 bytes).
    Removing dl_spi.o(.text.DL_SPI_drainRXFIFO32), (128 bytes).
    Removing dl_spi.o(.ARM.exidx.text.DL_SPI_drainRXFIFO32), (8 bytes).
    Removing dl_spi.o(.text.DL_SPI_fillTXFIFO8), (128 bytes).
    Removing dl_spi.o(.ARM.exidx.text.DL_SPI_fillTXFIFO8), (8 bytes).
    Removing dl_spi.o(.text.DL_SPI_fillTXFIFO16), (124 bytes).
    Removing dl_spi.o(.ARM.exidx.text.DL_SPI_fillTXFIFO16), (8 bytes).
    Removing dl_spi.o(.text.DL_SPI_saveConfiguration), (104 bytes).
    Removing dl_spi.o(.ARM.exidx.text.DL_SPI_saveConfiguration), (8 bytes).
    Removing dl_spi.o(.text.DL_SPI_restoreConfiguration), (124 bytes).
    Removing dl_spi.o(.ARM.exidx.text.DL_SPI_restoreConfiguration), (8 bytes).
    Removing dl_spi.o(.text.DL_SPI_fillTXFIFO32), (124 bytes).
    Removing dl_spi.o(.ARM.exidx.text.DL_SPI_fillTXFIFO32), (8 bytes).
    Removing dl_tamperio.o(.text), (0 bytes).
    Removing dl_timer.o(.text), (0 bytes).
    Removing dl_timer.o(.text.DL_Timer_setClockConfig), (28 bytes).
    Removing dl_timer.o(.ARM.exidx.text.DL_Timer_setClockConfig), (8 bytes).
    Removing dl_timer.o(.text.DL_Timer_getClockConfig), (28 bytes).
    Removing dl_timer.o(.ARM.exidx.text.DL_Timer_getClockConfig), (8 bytes).
    Removing dl_timer.o(.text.DL_Timer_initTimerMode), (240 bytes).
    Removing dl_timer.o(.ARM.exidx.text.DL_Timer_initTimerMode), (8 bytes).
    Removing dl_timer.o(.text.DL_Timer_setCaptureCompareValue), (16 bytes).
    Removing dl_timer.o(.ARM.exidx.text.DL_Timer_setCaptureCompareValue), (8 bytes).
    Removing dl_timer.o(.text.DL_Timer_setCaptureCompareCtl), (40 bytes).
    Removing dl_timer.o(.ARM.exidx.text.DL_Timer_setCaptureCompareCtl), (8 bytes).
    Removing dl_timer.o(.text.DL_Timer_initCaptureMode), (280 bytes).
    Removing dl_timer.o(.ARM.exidx.text.DL_Timer_initCaptureMode), (8 bytes).
    Removing dl_timer.o(.text.DL_Timer_setCaptureCompareInput), (26 bytes).
    Removing dl_timer.o(.ARM.exidx.text.DL_Timer_setCaptureCompareInput), (8 bytes).
    Removing dl_timer.o(.text.DL_Timer_initCaptureTriggerMode), (116 bytes).
    Removing dl_timer.o(.ARM.exidx.text.DL_Timer_initCaptureTriggerMode), (8 bytes).
    Removing dl_timer.o(.text.DL_Timer_initCaptureCombinedMode), (224 bytes).
    Removing dl_timer.o(.ARM.exidx.text.DL_Timer_initCaptureCombinedMode), (8 bytes).
    Removing dl_timer.o(.text.DL_Timer_initCompareMode), (160 bytes).
    Removing dl_timer.o(.ARM.exidx.text.DL_Timer_initCompareMode), (8 bytes).
    Removing dl_timer.o(.text.DL_Timer_initCompareTriggerMode), (108 bytes).
    Removing dl_timer.o(.ARM.exidx.text.DL_Timer_initCompareTriggerMode), (8 bytes).
    Removing dl_timer.o(.text.DL_Timer_getCaptureCompareValue), (16 bytes).
    Removing dl_timer.o(.ARM.exidx.text.DL_Timer_getCaptureCompareValue), (8 bytes).
    Removing dl_timer.o(.text.DL_Timer_getCaptureCompareCtl), (24 bytes).
    Removing dl_timer.o(.ARM.exidx.text.DL_Timer_getCaptureCompareCtl), (8 bytes).
    Removing dl_timer.o(.text.DL_Timer_setSecondCompSrcDn), (28 bytes).
    Removing dl_timer.o(.ARM.exidx.text.DL_Timer_setSecondCompSrcDn), (8 bytes).
    Removing dl_timer.o(.text.DL_Timer_getSecondCompSrcDn), (20 bytes).
    Removing dl_timer.o(.ARM.exidx.text.DL_Timer_getSecondCompSrcDn), (8 bytes).
    Removing dl_timer.o(.text.DL_Timer_setSecondCompSrcUp), (28 bytes).
    Removing dl_timer.o(.ARM.exidx.text.DL_Timer_setSecondCompSrcUp), (8 bytes).
    Removing dl_timer.o(.text.DL_Timer_getSecondCompSrcUp), (20 bytes).
    Removing dl_timer.o(.ARM.exidx.text.DL_Timer_getSecondCompSrcUp), (8 bytes).
    Removing dl_timer.o(.text.DL_Timer_setSecondCompActionDn), (28 bytes).
    Removing dl_timer.o(.ARM.exidx.text.DL_Timer_setSecondCompActionDn), (8 bytes).
    Removing dl_timer.o(.text.DL_Timer_getSecondCompActionDn), (20 bytes).
    Removing dl_timer.o(.ARM.exidx.text.DL_Timer_getSecondCompActionDn), (8 bytes).
    Removing dl_timer.o(.text.DL_Timer_setSecondCompActionUp), (28 bytes).
    Removing dl_timer.o(.ARM.exidx.text.DL_Timer_setSecondCompActionUp), (8 bytes).
    Removing dl_timer.o(.text.DL_Timer_getSecondCompActionUp), (20 bytes).
    Removing dl_timer.o(.ARM.exidx.text.DL_Timer_getSecondCompActionUp), (8 bytes).
    Removing dl_timer.o(.text.DL_Timer_enableSuppressionOfCompEvent), (24 bytes).
    Removing dl_timer.o(.ARM.exidx.text.DL_Timer_enableSuppressionOfCompEvent), (8 bytes).
    Removing dl_timer.o(.text.DL_Timer_disableSuppressionOfCompEvent), (24 bytes).
    Removing dl_timer.o(.ARM.exidx.text.DL_Timer_disableSuppressionOfCompEvent), (8 bytes).
    Removing dl_timer.o(.text.DL_Timer_setCaptCompUpdateMethod), (28 bytes).
    Removing dl_timer.o(.ARM.exidx.text.DL_Timer_setCaptCompUpdateMethod), (8 bytes).
    Removing dl_timer.o(.text.DL_Timer_getCaptCompUpdateMethod), (20 bytes).
    Removing dl_timer.o(.ARM.exidx.text.DL_Timer_getCaptCompUpdateMethod), (8 bytes).
    Removing dl_timer.o(.text.DL_Timer_setCaptCompActUpdateMethod), (28 bytes).
    Removing dl_timer.o(.ARM.exidx.text.DL_Timer_setCaptCompActUpdateMethod), (8 bytes).
    Removing dl_timer.o(.text.DL_Timer_getCaptCompActUpdateMethod), (20 bytes).
    Removing dl_timer.o(.ARM.exidx.text.DL_Timer_getCaptCompActUpdateMethod), (8 bytes).
    Removing dl_timer.o(.text.DL_Timer_setCaptureCompareOutCtl), (24 bytes).
    Removing dl_timer.o(.ARM.exidx.text.DL_Timer_setCaptureCompareOutCtl), (8 bytes).
    Removing dl_timer.o(.text.DL_Timer_getCaptureCompareOutCtl), (16 bytes).
    Removing dl_timer.o(.ARM.exidx.text.DL_Timer_getCaptureCompareOutCtl), (8 bytes).
    Removing dl_timer.o(.text.DL_Timer_setCaptureCompareAction), (36 bytes).
    Removing dl_timer.o(.ARM.exidx.text.DL_Timer_setCaptureCompareAction), (8 bytes).
    Removing dl_timer.o(.text.DL_Timer_getCaptureCompareAction), (24 bytes).
    Removing dl_timer.o(.ARM.exidx.text.DL_Timer_getCaptureCompareAction), (8 bytes).
    Removing dl_timer.o(.text.DL_Timer_overrideCCPOut), (32 bytes).
    Removing dl_timer.o(.ARM.exidx.text.DL_Timer_overrideCCPOut), (8 bytes).
    Removing dl_timer.o(.text.DL_Timer_getCaptureCompareInput), (16 bytes).
    Removing dl_timer.o(.ARM.exidx.text.DL_Timer_getCaptureCompareInput), (8 bytes).
    Removing dl_timer.o(.text.DL_Timer_setCaptureCompareInputFilter), (28 bytes).
    Removing dl_timer.o(.ARM.exidx.text.DL_Timer_setCaptureCompareInputFilter), (8 bytes).
    Removing dl_timer.o(.text.DL_Timer_getCaptureCompareInputFilter), (18 bytes).
    Removing dl_timer.o(.ARM.exidx.text.DL_Timer_getCaptureCompareInputFilter), (8 bytes).
    Removing dl_timer.o(.text.DL_Timer_enableCaptureCompareInputFilter), (20 bytes).
    Removing dl_timer.o(.ARM.exidx.text.DL_Timer_enableCaptureCompareInputFilter), (8 bytes).
    Removing dl_timer.o(.text.DL_Timer_disableCaptureCompareInputFilter), (20 bytes).
    Removing dl_timer.o(.ARM.exidx.text.DL_Timer_disableCaptureCompareInputFilter), (8 bytes).
    Removing dl_timer.o(.text.DL_Timer_isCaptureCompareInputFilterEnabled), (20 bytes).
    Removing dl_timer.o(.ARM.exidx.text.DL_Timer_isCaptureCompareInputFilterEnabled), (8 bytes).
    Removing dl_timer.o(.text.DL_Timer_saveConfiguration), (308 bytes).
    Removing dl_timer.o(.ARM.exidx.text.DL_Timer_saveConfiguration), (8 bytes).
    Removing dl_timer.o(.text.DL_Timer_restoreConfiguration), (304 bytes).
    Removing dl_timer.o(.ARM.exidx.text.DL_Timer_restoreConfiguration), (8 bytes).
    Removing dl_timer.o(.text.DL_Timer_initFourCCPWMMode), (292 bytes).
    Removing dl_timer.o(.ARM.exidx.text.DL_Timer_initFourCCPWMMode), (8 bytes).
    Removing dl_timer.o(.text.DL_Timer_setFaultSourceConfig), (44 bytes).
    Removing dl_timer.o(.ARM.exidx.text.DL_Timer_setFaultSourceConfig), (8 bytes).
    Removing dl_timer.o(.text.DL_Timer_getFaultSourceConfig), (32 bytes).
    Removing dl_timer.o(.ARM.exidx.text.DL_Timer_getFaultSourceConfig), (8 bytes).
    Removing dl_timer.o(.text.DL_TimerA_saveConfiguration), (344 bytes).
    Removing dl_timer.o(.ARM.exidx.text.DL_TimerA_saveConfiguration), (8 bytes).
    Removing dl_timer.o(.text.DL_TimerA_restoreConfiguration), (356 bytes).
    Removing dl_timer.o(.ARM.exidx.text.DL_TimerA_restoreConfiguration), (8 bytes).
    Removing dl_timer.o(.text.DL_Timer_configQEIHallInputMode), (40 bytes).
    Removing dl_timer.o(.ARM.exidx.text.DL_Timer_configQEIHallInputMode), (8 bytes).
    Removing dl_timer.o(.rodata..Lswitch.table.DL_Timer_initCompareMode), (12 bytes).
    Removing dl_timera.o(.text), (0 bytes).
    Removing dl_timerg.o(.text), (0 bytes).
    Removing dl_trng.o(.text), (0 bytes).
    Removing dl_trng.o(.text.DL_TRNG_saveConfiguration), (48 bytes).
    Removing dl_trng.o(.ARM.exidx.text.DL_TRNG_saveConfiguration), (8 bytes).
    Removing dl_trng.o(.text.DL_TRNG_restoreConfiguration), (68 bytes).
    Removing dl_trng.o(.ARM.exidx.text.DL_TRNG_restoreConfiguration), (8 bytes).
    Removing dl_uart.o(.text), (0 bytes).
    Removing dl_uart.o(.ARM.exidx.text.DL_UART_init), (8 bytes).
    Removing dl_uart.o(.ARM.exidx.text.DL_UART_setClockConfig), (8 bytes).
    Removing dl_uart.o(.text.DL_UART_getClockConfig), (16 bytes).
    Removing dl_uart.o(.ARM.exidx.text.DL_UART_getClockConfig), (8 bytes).
    Removing dl_uart.o(.text.DL_UART_configBaudRate), (132 bytes).
    Removing dl_uart.o(.ARM.exidx.text.DL_UART_configBaudRate), (8 bytes).
    Removing dl_uart.o(.text.DL_UART_configIrDAMode), (68 bytes).
    Removing dl_uart.o(.ARM.exidx.text.DL_UART_configIrDAMode), (8 bytes).
    Removing dl_uart.o(.text.DL_UART_setIrDAPulseLength), (48 bytes).
    Removing dl_uart.o(.ARM.exidx.text.DL_UART_setIrDAPulseLength), (8 bytes).
    Removing dl_uart.o(.text.DL_UART_receiveDataBlocking), (40 bytes).
    Removing dl_uart.o(.ARM.exidx.text.DL_UART_receiveDataBlocking), (8 bytes).
    Removing dl_uart.o(.text.DL_UART_transmitDataBlocking), (36 bytes).
    Removing dl_uart.o(.ARM.exidx.text.DL_UART_transmitDataBlocking), (8 bytes).
    Removing dl_uart.o(.text.DL_UART_receiveDataCheck), (28 bytes).
    Removing dl_uart.o(.ARM.exidx.text.DL_UART_receiveDataCheck), (8 bytes).
    Removing dl_uart.o(.text.DL_UART_transmitDataCheck), (28 bytes).
    Removing dl_uart.o(.ARM.exidx.text.DL_UART_transmitDataCheck), (8 bytes).
    Removing dl_uart.o(.text.DL_UART_drainRXFIFO), (116 bytes).
    Removing dl_uart.o(.ARM.exidx.text.DL_UART_drainRXFIFO), (8 bytes).
    Removing dl_uart.o(.text.DL_UART_fillTXFIFO), (116 bytes).
    Removing dl_uart.o(.ARM.exidx.text.DL_UART_fillTXFIFO), (8 bytes).
    Removing dl_uart.o(.text.DL_UART_Main_saveConfiguration), (116 bytes).
    Removing dl_uart.o(.ARM.exidx.text.DL_UART_Main_saveConfiguration), (8 bytes).
    Removing dl_uart.o(.text.DL_UART_Main_restoreConfiguration), (132 bytes).
    Removing dl_uart.o(.ARM.exidx.text.DL_UART_Main_restoreConfiguration), (8 bytes).
    Removing dl_uart.o(.text.DL_UART_Extend_saveConfiguration), (144 bytes).
    Removing dl_uart.o(.ARM.exidx.text.DL_UART_Extend_saveConfiguration), (8 bytes).
    Removing dl_uart.o(.text.DL_UART_Extend_restoreConfiguration), (164 bytes).
    Removing dl_uart.o(.ARM.exidx.text.DL_UART_Extend_restoreConfiguration), (8 bytes).
    Removing dl_vref.o(.text), (0 bytes).
    Removing dl_vref.o(.text.DL_VREF_configReference), (32 bytes).
    Removing dl_vref.o(.ARM.exidx.text.DL_VREF_configReference), (8 bytes).
    Removing dl_vref.o(.text.DL_VREF_setClockConfig), (18 bytes).
    Removing dl_vref.o(.ARM.exidx.text.DL_VREF_setClockConfig), (8 bytes).
    Removing dl_vref.o(.text.DL_VREF_getClockConfig), (16 bytes).
    Removing dl_vref.o(.ARM.exidx.text.DL_VREF_getClockConfig), (8 bytes).
    Removing dl_wwdt.o(.text), (0 bytes).
    Removing dl_sysctl_mspm0g1x0x_g3x0x.o(.text), (0 bytes).
    Removing dl_sysctl_mspm0g1x0x_g3x0x.o(.ARM.exidx.text.DL_SYSCTL_configSYSPLL), (8 bytes).
    Removing dl_sysctl_mspm0g1x0x_g3x0x.o(.text.DL_SYSCTL_setLFCLKSourceLFXT), (80 bytes).
    Removing dl_sysctl_mspm0g1x0x_g3x0x.o(.ARM.exidx.text.DL_SYSCTL_setLFCLKSourceLFXT), (8 bytes).
    Removing dl_sysctl_mspm0g1x0x_g3x0x.o(.text.DL_SYSCTL_switchMCLKfromSYSOSCtoLFCLK), (60 bytes).
    Removing dl_sysctl_mspm0g1x0x_g3x0x.o(.ARM.exidx.text.DL_SYSCTL_switchMCLKfromSYSOSCtoLFCLK), (8 bytes).
    Removing dl_sysctl_mspm0g1x0x_g3x0x.o(.text.DL_SYSCTL_switchMCLKfromLFCLKtoSYSOSC), (40 bytes).
    Removing dl_sysctl_mspm0g1x0x_g3x0x.o(.ARM.exidx.text.DL_SYSCTL_switchMCLKfromLFCLKtoSYSOSC), (8 bytes).
    Removing dl_sysctl_mspm0g1x0x_g3x0x.o(.ARM.exidx.text.DL_SYSCTL_switchMCLKfromSYSOSCtoHSCLK), (8 bytes).
    Removing dl_sysctl_mspm0g1x0x_g3x0x.o(.text.DL_SYSCTL_switchMCLKfromHSCLKtoSYSOSC), (32 bytes).
    Removing dl_sysctl_mspm0g1x0x_g3x0x.o(.ARM.exidx.text.DL_SYSCTL_switchMCLKfromHSCLKtoSYSOSC), (8 bytes).
    Removing dl_sysctl_mspm0g1x0x_g3x0x.o(.text.DL_SYSCTL_setHFCLKSourceHFXT), (76 bytes).
    Removing dl_sysctl_mspm0g1x0x_g3x0x.o(.ARM.exidx.text.DL_SYSCTL_setHFCLKSourceHFXT), (8 bytes).
    Removing dl_sysctl_mspm0g1x0x_g3x0x.o(.text.DL_SYSCTL_setHFCLKSourceHFXTParams), (84 bytes).
    Removing dl_sysctl_mspm0g1x0x_g3x0x.o(.ARM.exidx.text.DL_SYSCTL_setHFCLKSourceHFXTParams), (8 bytes).
    Removing dl_sysctl_mspm0g1x0x_g3x0x.o(.text.DL_SYSCTL_configFCC), (28 bytes).
    Removing dl_sysctl_mspm0g1x0x_g3x0x.o(.ARM.exidx.text.DL_SYSCTL_configFCC), (8 bytes).
    Removing dl_sysctl_mspm0g1x0x_g3x0x.o(.text.DL_SYSCTL_getPowerPolicyRUNSLEEP), (48 bytes).
    Removing dl_sysctl_mspm0g1x0x_g3x0x.o(.ARM.exidx.text.DL_SYSCTL_getPowerPolicyRUNSLEEP), (8 bytes).
    Removing dl_sysctl_mspm0g1x0x_g3x0x.o(.text.DL_SYSCTL_getPowerPolicySTOP), (52 bytes).
    Removing dl_sysctl_mspm0g1x0x_g3x0x.o(.ARM.exidx.text.DL_SYSCTL_getPowerPolicySTOP), (8 bytes).
    Removing dl_sysctl_mspm0g1x0x_g3x0x.o(.text.DL_SYSCTL_getPowerPolicySTANDBY), (40 bytes).
    Removing dl_sysctl_mspm0g1x0x_g3x0x.o(.ARM.exidx.text.DL_SYSCTL_getPowerPolicySTANDBY), (8 bytes).

676 unused section(s) (total 24581 bytes) removed from the image.

==============================================================================

Image Symbol Table

    Local Symbols

    Symbol Name                              Value     Ov Type        Size  Object(Section)

    ../clib/angel/boardlib.s                 0x00000000   Number         0  boardinit1.o ABSOLUTE
    ../clib/angel/boardlib.s                 0x00000000   Number         0  boardinit2.o ABSOLUTE
    ../clib/angel/boardlib.s                 0x00000000   Number         0  boardinit3.o ABSOLUTE
    ../clib/angel/boardlib.s                 0x00000000   Number         0  boardshut.o ABSOLUTE
    ../clib/angel/handlers.s                 0x00000000   Number         0  __scatter_zi.o ABSOLUTE
    ../clib/angel/kernel.s                   0x00000000   Number         0  __rtentry.o ABSOLUTE
    ../clib/angel/kernel.s                   0x00000000   Number         0  __rtentry2.o ABSOLUTE
    ../clib/angel/kernel.s                   0x00000000   Number         0  __rtentry4.o ABSOLUTE
    ../clib/angel/kernel.s                   0x00000000   Number         0  rtexit.o ABSOLUTE
    ../clib/angel/kernel.s                   0x00000000   Number         0  rtexit2.o ABSOLUTE
    ../clib/angel/rt.s                       0x00000000   Number         0  aeabi_idiv0.o ABSOLUTE
    ../clib/angel/rt.s                       0x00000000   Number         0  aeabi_idiv0_sigfpe.o ABSOLUTE
    ../clib/angel/rt.s                       0x00000000   Number         0  rt_div0.o ABSOLUTE
    ../clib/angel/rt.s                       0x00000000   Number         0  rt_raise.o ABSOLUTE
    ../clib/angel/scatterp.s                 0x00000000   Number         0  __scatter.o ABSOLUTE
    ../clib/angel/startup.s                  0x00000000   Number         0  __main.o ABSOLUTE
    ../clib/angel/sys.s                      0x00000000   Number         0  sys_stackheap_outer.o ABSOLUTE
    ../clib/angel/sys.s                      0x00000000   Number         0  libspace.o ABSOLUTE
    ../clib/angel/sys.s                      0x00000000   Number         0  tempstk.o ABSOLUTE
    ../clib/angel/sys.s                      0x00000000   Number         0  use_no_semi.o ABSOLUTE
    ../clib/angel/sys.s                      0x00000000   Number         0  indicate_semi.o ABSOLUTE
    ../clib/angel/sysapp.c                   0x00000000   Number         0  sys_exit.o ABSOLUTE
    ../clib/angel/sysapp.c                   0x00000000   Number         0  sys_exit_hlt.o ABSOLUTE
    ../clib/angel/sysapp.c                   0x00000000   Number         0  sys_wrch.o ABSOLUTE
    ../clib/angel/sysapp.c                   0x00000000   Number         0  sys_wrch_hlt.o ABSOLUTE
    ../clib/angel/sysapp.c                   0x00000000   Number         0  sys_command.o ABSOLUTE
    ../clib/angel/sysapp.c                   0x00000000   Number         0  sys_command_hlt.o ABSOLUTE
    ../clib/armsys.c                         0x00000000   Number         0  argv_veneer.o ABSOLUTE
    ../clib/armsys.c                         0x00000000   Number         0  _get_argv_nomalloc.o ABSOLUTE
    ../clib/armsys.c                         0x00000000   Number         0  no_argv.o ABSOLUTE
    ../clib/division.s                       0x00000000   Number         0  aeabi_sdivfast.o ABSOLUTE
    ../clib/division.s                       0x00000000   Number         0  aeabi_sdivfast_div0.o ABSOLUTE
    ../clib/heapalloc.c                      0x00000000   Number         0  hrguard.o ABSOLUTE
    ../clib/heapaux.c                        0x00000000   Number         0  heapauxi.o ABSOLUTE
    ../clib/libinit.s                        0x00000000   Number         0  libinit.o ABSOLUTE
    ../clib/libinit.s                        0x00000000   Number         0  libinit2.o ABSOLUTE
    ../clib/libinit.s                        0x00000000   Number         0  libshutdown.o ABSOLUTE
    ../clib/libinit.s                        0x00000000   Number         0  libshutdown2.o ABSOLUTE
    ../clib/signal.c                         0x00000000   Number         0  defsig_fpe_outer.o ABSOLUTE
    ../clib/signal.c                         0x00000000   Number         0  defsig_fpe_formal.o ABSOLUTE
    ../clib/signal.c                         0x00000000   Number         0  defsig_exit.o ABSOLUTE
    ../clib/signal.c                         0x00000000   Number         0  defsig_fpe_inner.o ABSOLUTE
    ../clib/signal.c                         0x00000000   Number         0  __raise.o ABSOLUTE
    ../clib/signal.c                         0x00000000   Number         0  defsig_general.o ABSOLUTE
    ../clib/signal.c                         0x00000000   Number         0  defsig_abrt_inner.o ABSOLUTE
    ../clib/signal.c                         0x00000000   Number         0  defsig_rtred_inner.o ABSOLUTE
    ../clib/signal.c                         0x00000000   Number         0  defsig_rtmem_inner.o ABSOLUTE
    ../clib/signal.c                         0x00000000   Number         0  defsig_rtmem_outer.o ABSOLUTE
    ../clib/signal.c                         0x00000000   Number         0  defsig_rtmem_formal.o ABSOLUTE
    ../clib/signal.c                         0x00000000   Number         0  defsig_stak_inner.o ABSOLUTE
    ../clib/signal.c                         0x00000000   Number         0  defsig_pvfn_inner.o ABSOLUTE
    ../clib/signal.c                         0x00000000   Number         0  defsig_cppl_inner.o ABSOLUTE
    ../clib/signal.c                         0x00000000   Number         0  defsig_segv_inner.o ABSOLUTE
    ../clib/signal.c                         0x00000000   Number         0  defsig_other.o ABSOLUTE
    ../clib/signal.s                         0x00000000   Number         0  defsig.o ABSOLUTE
    ../clib/stdlib.c                         0x00000000   Number         0  exit.o ABSOLUTE
    ../fplib/cfplib/fpinit.c                 0x00000000   Number         0  fpinit.o ABSOLUTE
    dc.s                                     0x00000000   Number         0  dc.o ABSOLUTE
    dl_adc12.c                               0x00000000   Number         0  dl_adc12.o ABSOLUTE
    dl_aes.c                                 0x00000000   Number         0  dl_aes.o ABSOLUTE
    dl_aesadv.c                              0x00000000   Number         0  dl_aesadv.o ABSOLUTE
    dl_common.c                              0x00000000   Number         0  dl_common.o ABSOLUTE
    dl_comp.c                                0x00000000   Number         0  dl_comp.o ABSOLUTE
    dl_crc.c                                 0x00000000   Number         0  dl_crc.o ABSOLUTE
    dl_crcp.c                                0x00000000   Number         0  dl_crcp.o ABSOLUTE
    dl_dac12.c                               0x00000000   Number         0  dl_dac12.o ABSOLUTE
    dl_dma.c                                 0x00000000   Number         0  dl_dma.o ABSOLUTE
    dl_flashctl.c                            0x00000000   Number         0  dl_flashctl.o ABSOLUTE
    dl_gpamp.c                               0x00000000   Number         0  dl_gpamp.o ABSOLUTE
    dl_gpio.c                                0x00000000   Number         0  dl_gpio.o ABSOLUTE
    dl_i2c.c                                 0x00000000   Number         0  dl_i2c.o ABSOLUTE
    dl_iwdt.c                                0x00000000   Number         0  dl_iwdt.o ABSOLUTE
    dl_keystorectl.c                         0x00000000   Number         0  dl_keystorectl.o ABSOLUTE
    dl_lcd.c                                 0x00000000   Number         0  dl_lcd.o ABSOLUTE
    dl_lfss.c                                0x00000000   Number         0  dl_lfss.o ABSOLUTE
    dl_mathacl.c                             0x00000000   Number         0  dl_mathacl.o ABSOLUTE
    dl_mcan.c                                0x00000000   Number         0  dl_mcan.o ABSOLUTE
    dl_opa.c                                 0x00000000   Number         0  dl_opa.o ABSOLUTE
    dl_rtc.c                                 0x00000000   Number         0  dl_rtc.o ABSOLUTE
    dl_rtc_a.c                               0x00000000   Number         0  dl_rtc_a.o ABSOLUTE
    dl_rtc_b.c                               0x00000000   Number         0  dl_rtc_b.o ABSOLUTE
    dl_rtc_common.c                          0x00000000   Number         0  dl_rtc_common.o ABSOLUTE
    dl_scratchpad.c                          0x00000000   Number         0  dl_scratchpad.o ABSOLUTE
    dl_spi.c                                 0x00000000   Number         0  dl_spi.o ABSOLUTE
    dl_sysctl_mspm0g1x0x_g3x0x.c             0x00000000   Number         0  dl_sysctl_mspm0g1x0x_g3x0x.o ABSOLUTE
    dl_tamperio.c                            0x00000000   Number         0  dl_tamperio.o ABSOLUTE
    dl_timer.c                               0x00000000   Number         0  dl_timer.o ABSOLUTE
    dl_timera.c                              0x00000000   Number         0  dl_timera.o ABSOLUTE
    dl_timerg.c                              0x00000000   Number         0  dl_timerg.o ABSOLUTE
    dl_trng.c                                0x00000000   Number         0  dl_trng.o ABSOLUTE
    dl_uart.c                                0x00000000   Number         0  dl_uart.o ABSOLUTE
    dl_vref.c                                0x00000000   Number         0  dl_vref.o ABSOLUTE
    dl_wwdt.c                                0x00000000   Number         0  dl_wwdt.o ABSOLUTE
    main.c                                   0x00000000   Number         0  main.o ABSOLUTE
    pitch_motor_control.c                    0x00000000   Number         0  pitch_motor_control.o ABSOLUTE
    startup_mspm0g350x_uvision.s             0x00000000   Number         0  startup_mspm0g350x_uvision.o ABSOLUTE
    stepper_motor.c                          0x00000000   Number         0  stepper_motor.o ABSOLUTE
    ti_msp_dl_config.c                       0x00000000   Number         0  ti_msp_dl_config.o ABSOLUTE
    zdt_x42s.c                               0x00000000   Number         0  zdt_x42s.o ABSOLUTE
    RESET                                    0x00000000   Section      192  startup_mspm0g350x_uvision.o(RESET)
    !!!main                                  0x000000c0   Section        8  __main.o(!!!main)
    !!!scatter                               0x000000c8   Section       84  __scatter.o(!!!scatter)
    !!handler_null                           0x00000120   Section        2  __scatter.o(!!handler_null)
    !!handler_zi                             0x00000128   Section       28  __scatter_zi.o(!!handler_zi)
    .ARM.Collect$$libinit$$00000000          0x00000144   Section        2  libinit.o(.ARM.Collect$$libinit$$00000000)
    .ARM.Collect$$libinit$$00000002          0x00000146   Section        0  libinit2.o(.ARM.Collect$$libinit$$00000002)
    .ARM.Collect$$libinit$$00000004          0x00000146   Section        0  libinit2.o(.ARM.Collect$$libinit$$00000004)
    .ARM.Collect$$libinit$$00000006          0x00000146   Section        0  libinit2.o(.ARM.Collect$$libinit$$00000006)
    .ARM.Collect$$libinit$$0000000C          0x00000146   Section        0  libinit2.o(.ARM.Collect$$libinit$$0000000C)
    .ARM.Collect$$libinit$$0000000E          0x00000146   Section        0  libinit2.o(.ARM.Collect$$libinit$$0000000E)
    .ARM.Collect$$libinit$$00000010          0x00000146   Section        0  libinit2.o(.ARM.Collect$$libinit$$00000010)
    .ARM.Collect$$libinit$$00000013          0x00000146   Section        0  libinit2.o(.ARM.Collect$$libinit$$00000013)
    .ARM.Collect$$libinit$$00000015          0x00000146   Section        0  libinit2.o(.ARM.Collect$$libinit$$00000015)
    .ARM.Collect$$libinit$$00000017          0x00000146   Section        0  libinit2.o(.ARM.Collect$$libinit$$00000017)
    .ARM.Collect$$libinit$$00000019          0x00000146   Section        0  libinit2.o(.ARM.Collect$$libinit$$00000019)
    .ARM.Collect$$libinit$$0000001B          0x00000146   Section        0  libinit2.o(.ARM.Collect$$libinit$$0000001B)
    .ARM.Collect$$libinit$$0000001D          0x00000146   Section        0  libinit2.o(.ARM.Collect$$libinit$$0000001D)
    .ARM.Collect$$libinit$$0000001F          0x00000146   Section        0  libinit2.o(.ARM.Collect$$libinit$$0000001F)
    .ARM.Collect$$libinit$$00000021          0x00000146   Section        0  libinit2.o(.ARM.Collect$$libinit$$00000021)
    .ARM.Collect$$libinit$$00000023          0x00000146   Section        0  libinit2.o(.ARM.Collect$$libinit$$00000023)
    .ARM.Collect$$libinit$$00000025          0x00000146   Section        0  libinit2.o(.ARM.Collect$$libinit$$00000025)
    .ARM.Collect$$libinit$$00000027          0x00000146   Section        0  libinit2.o(.ARM.Collect$$libinit$$00000027)
    .ARM.Collect$$libinit$$0000002E          0x00000146   Section        0  libinit2.o(.ARM.Collect$$libinit$$0000002E)
    .ARM.Collect$$libinit$$00000030          0x00000146   Section        0  libinit2.o(.ARM.Collect$$libinit$$00000030)
    .ARM.Collect$$libinit$$00000032          0x00000146   Section        0  libinit2.o(.ARM.Collect$$libinit$$00000032)
    .ARM.Collect$$libinit$$00000034          0x00000146   Section        0  libinit2.o(.ARM.Collect$$libinit$$00000034)
    .ARM.Collect$$libinit$$00000035          0x00000146   Section        2  libinit2.o(.ARM.Collect$$libinit$$00000035)
    .ARM.Collect$$libshutdown$$00000000      0x00000148   Section        2  libshutdown.o(.ARM.Collect$$libshutdown$$00000000)
    .ARM.Collect$$libshutdown$$00000002      0x0000014a   Section        0  libshutdown2.o(.ARM.Collect$$libshutdown$$00000002)
    .ARM.Collect$$libshutdown$$00000004      0x0000014a   Section        0  libshutdown2.o(.ARM.Collect$$libshutdown$$00000004)
    .ARM.Collect$$libshutdown$$00000007      0x0000014a   Section        0  libshutdown2.o(.ARM.Collect$$libshutdown$$00000007)
    .ARM.Collect$$libshutdown$$0000000A      0x0000014a   Section        0  libshutdown2.o(.ARM.Collect$$libshutdown$$0000000A)
    .ARM.Collect$$libshutdown$$0000000C      0x0000014a   Section        0  libshutdown2.o(.ARM.Collect$$libshutdown$$0000000C)
    .ARM.Collect$$libshutdown$$0000000F      0x0000014a   Section        0  libshutdown2.o(.ARM.Collect$$libshutdown$$0000000F)
    .ARM.Collect$$libshutdown$$00000010      0x0000014a   Section        2  libshutdown2.o(.ARM.Collect$$libshutdown$$00000010)
    .ARM.Collect$$rtentry$$00000000          0x0000014c   Section        0  __rtentry.o(.ARM.Collect$$rtentry$$00000000)
    .ARM.Collect$$rtentry$$00000002          0x0000014c   Section        0  __rtentry2.o(.ARM.Collect$$rtentry$$00000002)
    .ARM.Collect$$rtentry$$00000004          0x0000014c   Section        6  __rtentry4.o(.ARM.Collect$$rtentry$$00000004)
    .ARM.Collect$$rtentry$$00000009          0x00000152   Section        0  __rtentry2.o(.ARM.Collect$$rtentry$$00000009)
    .ARM.Collect$$rtentry$$0000000A          0x00000152   Section        4  __rtentry2.o(.ARM.Collect$$rtentry$$0000000A)
    .ARM.Collect$$rtentry$$0000000C          0x00000156   Section        0  __rtentry2.o(.ARM.Collect$$rtentry$$0000000C)
    .ARM.Collect$$rtentry$$0000000D          0x00000156   Section        8  __rtentry2.o(.ARM.Collect$$rtentry$$0000000D)
    .ARM.Collect$$rtexit$$00000000           0x0000015e   Section        2  rtexit.o(.ARM.Collect$$rtexit$$00000000)
    .ARM.Collect$$rtexit$$00000002           0x00000160   Section        0  rtexit2.o(.ARM.Collect$$rtexit$$00000002)
    .ARM.Collect$$rtexit$$00000003           0x00000160   Section        4  rtexit2.o(.ARM.Collect$$rtexit$$00000003)
    .ARM.Collect$$rtexit$$00000004           0x00000164   Section        6  rtexit2.o(.ARM.Collect$$rtexit$$00000004)
    .text                                    0x0000016c   Section       44  startup_mspm0g350x_uvision.o(.text)
    .text                                    0x00000198   Section        0  heapauxi.o(.text)
    .text                                    0x0000019e   Section       62  sys_stackheap_outer.o(.text)
    .text                                    0x000001dc   Section        0  exit.o(.text)
    .text                                    0x000001ec   Section        8  libspace.o(.text)
    .text                                    0x000001f4   Section        0  sys_exit.o(.text)
    .text                                    0x00000200   Section        2  use_no_semi.o(.text)
    [Anonymous Symbol]                       0x00000202   Section        0  dl_common.o(.text.DL_Common_delayCycles)
    .text                                    0x00000202   Section        0  indicate_semi.o(.text)
    [Anonymous Symbol]                       0x0000020c   Section        0  dl_sysctl_mspm0g1x0x_g3x0x.o(.text.DL_SYSCTL_configSYSPLL)
    __arm_cp.0_0                             0x000002c0   Number         4  dl_sysctl_mspm0g1x0x_g3x0x.o(.text.DL_SYSCTL_configSYSPLL)
    __arm_cp.0_2                             0x000002c4   Number         4  dl_sysctl_mspm0g1x0x_g3x0x.o(.text.DL_SYSCTL_configSYSPLL)
    __arm_cp.0_3                             0x000002c8   Number         4  dl_sysctl_mspm0g1x0x_g3x0x.o(.text.DL_SYSCTL_configSYSPLL)
    __arm_cp.0_4                             0x000002cc   Number         4  dl_sysctl_mspm0g1x0x_g3x0x.o(.text.DL_SYSCTL_configSYSPLL)
    [Anonymous Symbol]                       0x000002d0   Section        0  dl_sysctl_mspm0g1x0x_g3x0x.o(.text.DL_SYSCTL_switchMCLKfromSYSOSCtoHSCLK)
    __arm_cp.4_1                             0x000002f0   Number         4  dl_sysctl_mspm0g1x0x_g3x0x.o(.text.DL_SYSCTL_switchMCLKfromSYSOSCtoHSCLK)
    [Anonymous Symbol]                       0x000002f4   Section        0  dl_uart.o(.text.DL_UART_init)
    __arm_cp.0_0                             0x00000334   Number         4  dl_uart.o(.text.DL_UART_init)
    __arm_cp.0_1                             0x00000338   Number         4  dl_uart.o(.text.DL_UART_init)
    [Anonymous Symbol]                       0x0000033c   Section        0  dl_uart.o(.text.DL_UART_setClockConfig)
    [Anonymous Symbol]                       0x00000350   Section        0  ti_msp_dl_config.o(.text.SYSCFG_DL_GPIO_init)
    __arm_cp.2_0                             0x00000370   Number         4  ti_msp_dl_config.o(.text.SYSCFG_DL_GPIO_init)
    __arm_cp.2_1                             0x00000374   Number         4  ti_msp_dl_config.o(.text.SYSCFG_DL_GPIO_init)
    __arm_cp.2_2                             0x00000378   Number         4  ti_msp_dl_config.o(.text.SYSCFG_DL_GPIO_init)
    __arm_cp.2_3                             0x0000037c   Number         4  ti_msp_dl_config.o(.text.SYSCFG_DL_GPIO_init)
    [Anonymous Symbol]                       0x00000380   Section        0  ti_msp_dl_config.o(.text.SYSCFG_DL_SYSCTL_init)
    __arm_cp.3_0                             0x000003d8   Number         4  ti_msp_dl_config.o(.text.SYSCFG_DL_SYSCTL_init)
    __arm_cp.3_1                             0x000003dc   Number         4  ti_msp_dl_config.o(.text.SYSCFG_DL_SYSCTL_init)
    __arm_cp.3_2                             0x000003e0   Number         4  ti_msp_dl_config.o(.text.SYSCFG_DL_SYSCTL_init)
    [Anonymous Symbol]                       0x000003e4   Section        0  ti_msp_dl_config.o(.text.SYSCFG_DL_init)
    [Anonymous Symbol]                       0x000003fc   Section        0  ti_msp_dl_config.o(.text.SYSCFG_DL_initPower)
    __arm_cp.1_0                             0x00000424   Number         4  ti_msp_dl_config.o(.text.SYSCFG_DL_initPower)
    __arm_cp.1_1                             0x00000428   Number         4  ti_msp_dl_config.o(.text.SYSCFG_DL_initPower)
    __arm_cp.1_2                             0x0000042c   Number         4  ti_msp_dl_config.o(.text.SYSCFG_DL_initPower)
    __arm_cp.1_3                             0x00000430   Number         4  ti_msp_dl_config.o(.text.SYSCFG_DL_initPower)
    __arm_cp.1_4                             0x00000434   Number         4  ti_msp_dl_config.o(.text.SYSCFG_DL_initPower)
    __arm_cp.1_5                             0x00000438   Number         4  ti_msp_dl_config.o(.text.SYSCFG_DL_initPower)
    [Anonymous Symbol]                       0x0000043c   Section        0  ti_msp_dl_config.o(.text.SYSCFG_DL_stepMotor1_init)
    __arm_cp.5_1                             0x000004a8   Number         4  ti_msp_dl_config.o(.text.SYSCFG_DL_stepMotor1_init)
    __arm_cp.5_2                             0x000004ac   Number         4  ti_msp_dl_config.o(.text.SYSCFG_DL_stepMotor1_init)
    __arm_cp.5_3                             0x000004b0   Number         4  ti_msp_dl_config.o(.text.SYSCFG_DL_stepMotor1_init)
    [Anonymous Symbol]                       0x000004b4   Section        0  ti_msp_dl_config.o(.text.SYSCFG_DL_stepMotor2_init)
    __arm_cp.4_1                             0x00000520   Number         4  ti_msp_dl_config.o(.text.SYSCFG_DL_stepMotor2_init)
    __arm_cp.4_2                             0x00000524   Number         4  ti_msp_dl_config.o(.text.SYSCFG_DL_stepMotor2_init)
    __arm_cp.4_3                             0x00000528   Number         4  ti_msp_dl_config.o(.text.SYSCFG_DL_stepMotor2_init)
    __arm_cp.4_4                             0x0000052c   Number         4  ti_msp_dl_config.o(.text.SYSCFG_DL_stepMotor2_init)
    [Anonymous Symbol]                       0x00000530   Section        0  stepper_motor.o(.text.StepperMotor_enable)
    __arm_cp.1_0                             0x00000540   Number         4  stepper_motor.o(.text.StepperMotor_enable)
    [Anonymous Symbol]                       0x00000544   Section        0  stepper_motor.o(.text.StepperMotor_init)
    [Anonymous Symbol]                       0x0000054c   Section        0  stepper_motor.o(.text.StepperMotor_poll)
    [Anonymous Symbol]                       0x00000554   Section        0  zdt_x42s.o(.text.ZdtX42s_init)
    [Anonymous Symbol]                       0x00000560   Section        0  zdt_x42s.o(.text.ZdtX42s_pollResponse)
    [Anonymous Symbol]                       0x000005d0   Section        0  zdt_x42s.o(.text.ZdtX42s_setEnabled)
    __arm_cp.1_0                             0x00000698   Number         4  zdt_x42s.o(.text.ZdtX42s_setEnabled)
    [Anonymous Symbol]                       0x0000069c   Section        0  main.o(.text.main)
    __arm_cp.0_0                             0x000006e8   Number         4  main.o(.text.main)
    __arm_cp.0_1                             0x000006ec   Number         4  main.o(.text.main)
    __arm_cp.0_2                             0x000006f0   Number         4  main.o(.text.main)
    __arm_cp.0_3                             0x000006f4   Number         4  main.o(.text.main)
    __arm_cp.0_4                             0x000006f8   Number         4  main.o(.text.main)
    [Anonymous Symbol]                       0x000006fc   Section        0  pitch_motor_control.o(.text.pitch_motor_enable)
    [Anonymous Symbol]                       0x0000070a   Section        0  pitch_motor_control.o(.text.pitch_motor_init)
    [Anonymous Symbol]                       0x00000718   Section        0  pitch_motor_control.o(.text.pitch_motor_poll)
    gSYSPLLConfig                            0x00000724   Data          40  ti_msp_dl_config.o(.rodata.gSYSPLLConfig)
    [Anonymous Symbol]                       0x00000724   Section        0  ti_msp_dl_config.o(.rodata.gSYSPLLConfig)
    gstepMotor1ClockConfig                   0x0000074c   Data           2  ti_msp_dl_config.o(.rodata.gstepMotor1ClockConfig)
    [Anonymous Symbol]                       0x0000074c   Section        0  ti_msp_dl_config.o(.rodata.gstepMotor1ClockConfig)
    gstepMotor1Config                        0x0000074e   Data          10  ti_msp_dl_config.o(.rodata.gstepMotor1Config)
    [Anonymous Symbol]                       0x0000074e   Section        0  ti_msp_dl_config.o(.rodata.gstepMotor1Config)
    gstepMotor2ClockConfig                   0x00000758   Data           2  ti_msp_dl_config.o(.rodata.gstepMotor2ClockConfig)
    [Anonymous Symbol]                       0x00000758   Section        0  ti_msp_dl_config.o(.rodata.gstepMotor2ClockConfig)
    gstepMotor2Config                        0x0000075a   Data          10  ti_msp_dl_config.o(.rodata.gstepMotor2Config)
    [Anonymous Symbol]                       0x0000075a   Section        0  ti_msp_dl_config.o(.rodata.gstepMotor2Config)
    .bss                                     0x20200000   Section       96  libspace.o(.bss)
    g_pitch_motor                            0x20200060   Data          32  main.o(.bss.g_pitch_motor)
    [Anonymous Symbol]                       0x20200060   Section        0  main.o(.bss.g_pitch_motor)
    g_yaw_motor                              0x20200080   Data          32  main.o(.bss.g_yaw_motor)
    [Anonymous Symbol]                       0x20200080   Section        0  main.o(.bss.g_yaw_motor)
    Heap_Mem                                 0x202000a0   Data           0  startup_mspm0g350x_uvision.o(HEAP)
    Stack_Mem                                0x202000a0   Data         256  startup_mspm0g350x_uvision.o(STACK)
    HEAP                                     0x202000a0   Section        0  startup_mspm0g350x_uvision.o(HEAP)
    STACK                                    0x202000a0   Section      256  startup_mspm0g350x_uvision.o(STACK)
    __initial_sp                             0x202001a0   Data           0  startup_mspm0g350x_uvision.o(STACK)

    Global Symbols

    Symbol Name                              Value     Ov Type        Size  Object(Section)

    BuildAttributes$$THM_ISAv3M$S$PE$A:L22$X:L11$S22$IEEE1$IW$~IW$USESV6$~STKCKD$USESV7$~SHL$OTIME$ROPI$EBA8$UX$STANDARDLIB$REQ8$PRES8$EABIv2 0x00000000   Number         0  anon$$obj.o ABSOLUTE
    __Vectors                                0x00000000   Data           4  startup_mspm0g350x_uvision.o(RESET)
    __ARM_exceptions_init                     - Undefined Weak Reference
    __alloca_initialize                       - Undefined Weak Reference
    __arm_preinit_                            - Undefined Weak Reference
    __arm_relocate_pie_                       - Undefined Weak Reference
    __cpp_initialize__aeabi_                  - Undefined Weak Reference
    __cxa_finalize                            - Undefined Weak Reference
    __rt_locale                               - Undefined Weak Reference
    __sigvec_lookup                           - Undefined Weak Reference
    _atexit_init                              - Undefined Weak Reference
    _call_atexit_fns                          - Undefined Weak Reference
    _clock_init                               - Undefined Weak Reference
    _fp_trap_init                             - Undefined Weak Reference
    _fp_trap_shutdown                         - Undefined Weak Reference
    _get_lc_collate                           - Undefined Weak Reference
    _get_lc_ctype                             - Undefined Weak Reference
    _get_lc_monetary                          - Undefined Weak Reference
    _get_lc_numeric                           - Undefined Weak Reference
    _get_lc_time                              - Undefined Weak Reference
    _getenv_init                              - Undefined Weak Reference
    _handle_redirection                       - Undefined Weak Reference
    _init_alloc                               - Undefined Weak Reference
    _init_user_alloc                          - Undefined Weak Reference
    _initio                                   - Undefined Weak Reference
    _rand_init                                - Undefined Weak Reference
    _signal_finish                            - Undefined Weak Reference
    _signal_init                              - Undefined Weak Reference
    _terminate_alloc                          - Undefined Weak Reference
    _terminate_user_alloc                     - Undefined Weak Reference
    _terminateio                              - Undefined Weak Reference
    __Vectors_End                            0x000000c0   Data           0  startup_mspm0g350x_uvision.o(RESET)
    __Vectors_Size                           0x000000c0   Number         0  startup_mspm0g350x_uvision.o ABSOLUTE
    __main                                   0x000000c1   Thumb Code     8  __main.o(!!!main)
    __scatterload                            0x000000c9   Thumb Code     0  __scatter.o(!!!scatter)
    __scatterload_rt2                        0x000000c9   Thumb Code    74  __scatter.o(!!!scatter)
    __scatterload_rt2_thumb_only             0x000000c9   Thumb Code     0  __scatter.o(!!!scatter)
    __scatterload_loop                       0x000000d3   Thumb Code     0  __scatter.o(!!!scatter)
    __scatterload_null                       0x00000121   Thumb Code     2  __scatter.o(!!handler_null)
    __scatterload_zeroinit                   0x00000129   Thumb Code    28  __scatter_zi.o(!!handler_zi)
    __rt_lib_init                            0x00000145   Thumb Code     0  libinit.o(.ARM.Collect$$libinit$$00000000)
    __rt_lib_init_alloca_1                   0x00000147   Thumb Code     0  libinit2.o(.ARM.Collect$$libinit$$00000030)
    __rt_lib_init_argv_1                     0x00000147   Thumb Code     0  libinit2.o(.ARM.Collect$$libinit$$0000002E)
    __rt_lib_init_atexit_1                   0x00000147   Thumb Code     0  libinit2.o(.ARM.Collect$$libinit$$0000001D)
    __rt_lib_init_clock_1                    0x00000147   Thumb Code     0  libinit2.o(.ARM.Collect$$libinit$$00000023)
    __rt_lib_init_cpp_1                      0x00000147   Thumb Code     0  libinit2.o(.ARM.Collect$$libinit$$00000034)
    __rt_lib_init_exceptions_1               0x00000147   Thumb Code     0  libinit2.o(.ARM.Collect$$libinit$$00000032)
    __rt_lib_init_fp_1                       0x00000147   Thumb Code     0  libinit2.o(.ARM.Collect$$libinit$$00000002)
    __rt_lib_init_fp_trap_1                  0x00000147   Thumb Code     0  libinit2.o(.ARM.Collect$$libinit$$00000021)
    __rt_lib_init_getenv_1                   0x00000147   Thumb Code     0  libinit2.o(.ARM.Collect$$libinit$$00000025)
    __rt_lib_init_heap_1                     0x00000147   Thumb Code     0  libinit2.o(.ARM.Collect$$libinit$$0000000C)
    __rt_lib_init_lc_collate_1               0x00000147   Thumb Code     0  libinit2.o(.ARM.Collect$$libinit$$00000013)
    __rt_lib_init_lc_ctype_1                 0x00000147   Thumb Code     0  libinit2.o(.ARM.Collect$$libinit$$00000015)
    __rt_lib_init_lc_monetary_1              0x00000147   Thumb Code     0  libinit2.o(.ARM.Collect$$libinit$$00000017)
    __rt_lib_init_lc_numeric_1               0x00000147   Thumb Code     0  libinit2.o(.ARM.Collect$$libinit$$00000019)
    __rt_lib_init_lc_time_1                  0x00000147   Thumb Code     0  libinit2.o(.ARM.Collect$$libinit$$0000001B)
    __rt_lib_init_preinit_1                  0x00000147   Thumb Code     0  libinit2.o(.ARM.Collect$$libinit$$00000006)
    __rt_lib_init_rand_1                     0x00000147   Thumb Code     0  libinit2.o(.ARM.Collect$$libinit$$00000010)
    __rt_lib_init_relocate_pie_1             0x00000147   Thumb Code     0  libinit2.o(.ARM.Collect$$libinit$$00000004)
    __rt_lib_init_return                     0x00000147   Thumb Code     0  libinit2.o(.ARM.Collect$$libinit$$00000035)
    __rt_lib_init_signal_1                   0x00000147   Thumb Code     0  libinit2.o(.ARM.Collect$$libinit$$0000001F)
    __rt_lib_init_stdio_1                    0x00000147   Thumb Code     0  libinit2.o(.ARM.Collect$$libinit$$00000027)
    __rt_lib_init_user_alloc_1               0x00000147   Thumb Code     0  libinit2.o(.ARM.Collect$$libinit$$0000000E)
    __rt_lib_shutdown                        0x00000149   Thumb Code     0  libshutdown.o(.ARM.Collect$$libshutdown$$00000000)
    __rt_lib_shutdown_cpp_1                  0x0000014b   Thumb Code     0  libshutdown2.o(.ARM.Collect$$libshutdown$$00000002)
    __rt_lib_shutdown_fp_trap_1              0x0000014b   Thumb Code     0  libshutdown2.o(.ARM.Collect$$libshutdown$$00000007)
    __rt_lib_shutdown_heap_1                 0x0000014b   Thumb Code     0  libshutdown2.o(.ARM.Collect$$libshutdown$$0000000F)
    __rt_lib_shutdown_return                 0x0000014b   Thumb Code     0  libshutdown2.o(.ARM.Collect$$libshutdown$$00000010)
    __rt_lib_shutdown_signal_1               0x0000014b   Thumb Code     0  libshutdown2.o(.ARM.Collect$$libshutdown$$0000000A)
    __rt_lib_shutdown_stdio_1                0x0000014b   Thumb Code     0  libshutdown2.o(.ARM.Collect$$libshutdown$$00000004)
    __rt_lib_shutdown_user_alloc_1           0x0000014b   Thumb Code     0  libshutdown2.o(.ARM.Collect$$libshutdown$$0000000C)
    __rt_entry                               0x0000014d   Thumb Code     0  __rtentry.o(.ARM.Collect$$rtentry$$00000000)
    __rt_entry_presh_1                       0x0000014d   Thumb Code     0  __rtentry2.o(.ARM.Collect$$rtentry$$00000002)
    __rt_entry_sh                            0x0000014d   Thumb Code     0  __rtentry4.o(.ARM.Collect$$rtentry$$00000004)
    __rt_entry_li                            0x00000153   Thumb Code     0  __rtentry2.o(.ARM.Collect$$rtentry$$0000000A)
    __rt_entry_postsh_1                      0x00000153   Thumb Code     0  __rtentry2.o(.ARM.Collect$$rtentry$$00000009)
    __rt_entry_main                          0x00000157   Thumb Code     0  __rtentry2.o(.ARM.Collect$$rtentry$$0000000D)
    __rt_entry_postli_1                      0x00000157   Thumb Code     0  __rtentry2.o(.ARM.Collect$$rtentry$$0000000C)
    __rt_exit                                0x0000015f   Thumb Code     0  rtexit.o(.ARM.Collect$$rtexit$$00000000)
    __rt_exit_ls                             0x00000161   Thumb Code     0  rtexit2.o(.ARM.Collect$$rtexit$$00000003)
    __rt_exit_prels_1                        0x00000161   Thumb Code     0  rtexit2.o(.ARM.Collect$$rtexit$$00000002)
    __rt_exit_exit                           0x00000165   Thumb Code     0  rtexit2.o(.ARM.Collect$$rtexit$$00000004)
    Reset_Handler                            0x0000016d   Thumb Code     4  startup_mspm0g350x_uvision.o(.text)
    NMI_Handler                              0x00000171   Thumb Code     2  startup_mspm0g350x_uvision.o(.text)
    HardFault_Handler                        0x00000173   Thumb Code     2  startup_mspm0g350x_uvision.o(.text)
    SVC_Handler                              0x00000175   Thumb Code     2  startup_mspm0g350x_uvision.o(.text)
    PendSV_Handler                           0x00000177   Thumb Code     2  startup_mspm0g350x_uvision.o(.text)
    SysTick_Handler                          0x00000179   Thumb Code     2  startup_mspm0g350x_uvision.o(.text)
    ADC0_IRQHandler                          0x0000017b   Thumb Code     0  startup_mspm0g350x_uvision.o(.text)
    ADC1_IRQHandler                          0x0000017b   Thumb Code     0  startup_mspm0g350x_uvision.o(.text)
    AES_IRQHandler                           0x0000017b   Thumb Code     0  startup_mspm0g350x_uvision.o(.text)
    CANFD0_IRQHandler                        0x0000017b   Thumb Code     0  startup_mspm0g350x_uvision.o(.text)
    DAC0_IRQHandler                          0x0000017b   Thumb Code     0  startup_mspm0g350x_uvision.o(.text)
    DMA_IRQHandler                           0x0000017b   Thumb Code     0  startup_mspm0g350x_uvision.o(.text)
    Default_Handler                          0x0000017b   Thumb Code     2  startup_mspm0g350x_uvision.o(.text)
    GROUP0_IRQHandler                        0x0000017b   Thumb Code     0  startup_mspm0g350x_uvision.o(.text)
    GROUP1_IRQHandler                        0x0000017b   Thumb Code     0  startup_mspm0g350x_uvision.o(.text)
    I2C0_IRQHandler                          0x0000017b   Thumb Code     0  startup_mspm0g350x_uvision.o(.text)
    I2C1_IRQHandler                          0x0000017b   Thumb Code     0  startup_mspm0g350x_uvision.o(.text)
    RTC_IRQHandler                           0x0000017b   Thumb Code     0  startup_mspm0g350x_uvision.o(.text)
    SPI0_IRQHandler                          0x0000017b   Thumb Code     0  startup_mspm0g350x_uvision.o(.text)
    SPI1_IRQHandler                          0x0000017b   Thumb Code     0  startup_mspm0g350x_uvision.o(.text)
    TIMA0_IRQHandler                         0x0000017b   Thumb Code     0  startup_mspm0g350x_uvision.o(.text)
    TIMA1_IRQHandler                         0x0000017b   Thumb Code     0  startup_mspm0g350x_uvision.o(.text)
    TIMG0_IRQHandler                         0x0000017b   Thumb Code     0  startup_mspm0g350x_uvision.o(.text)
    TIMG12_IRQHandler                        0x0000017b   Thumb Code     0  startup_mspm0g350x_uvision.o(.text)
    TIMG6_IRQHandler                         0x0000017b   Thumb Code     0  startup_mspm0g350x_uvision.o(.text)
    TIMG7_IRQHandler                         0x0000017b   Thumb Code     0  startup_mspm0g350x_uvision.o(.text)
    TIMG8_IRQHandler                         0x0000017b   Thumb Code     0  startup_mspm0g350x_uvision.o(.text)
    UART0_IRQHandler                         0x0000017b   Thumb Code     0  startup_mspm0g350x_uvision.o(.text)
    UART1_IRQHandler                         0x0000017b   Thumb Code     0  startup_mspm0g350x_uvision.o(.text)
    UART2_IRQHandler                         0x0000017b   Thumb Code     0  startup_mspm0g350x_uvision.o(.text)
    UART3_IRQHandler                         0x0000017b   Thumb Code     0  startup_mspm0g350x_uvision.o(.text)
    __user_initial_stackheap                 0x0000017d   Thumb Code    10  startup_mspm0g350x_uvision.o(.text)
    __use_two_region_memory                  0x00000199   Thumb Code     2  heapauxi.o(.text)
    __rt_heap_escrow$2region                 0x0000019b   Thumb Code     2  heapauxi.o(.text)
    __rt_heap_expand$2region                 0x0000019d   Thumb Code     2  heapauxi.o(.text)
    __user_setup_stackheap                   0x0000019f   Thumb Code    62  sys_stackheap_outer.o(.text)
    exit                                     0x000001dd   Thumb Code    16  exit.o(.text)
    __user_libspace                          0x000001ed   Thumb Code     8  libspace.o(.text)
    __user_perproc_libspace                  0x000001ed   Thumb Code     0  libspace.o(.text)
    __user_perthread_libspace                0x000001ed   Thumb Code     0  libspace.o(.text)
    _sys_exit                                0x000001f5   Thumb Code     8  sys_exit.o(.text)
    __I$use$semihosting                      0x00000201   Thumb Code     0  use_no_semi.o(.text)
    __use_no_semihosting_swi                 0x00000201   Thumb Code     2  use_no_semi.o(.text)
    DL_Common_delayCycles                    0x00000203   Thumb Code    10  dl_common.o(.text.DL_Common_delayCycles)
    __semihosting_library_function           0x00000203   Thumb Code     0  indicate_semi.o(.text)
    DL_SYSCTL_configSYSPLL                   0x0000020d   Thumb Code   196  dl_sysctl_mspm0g1x0x_g3x0x.o(.text.DL_SYSCTL_configSYSPLL)
    DL_SYSCTL_switchMCLKfromSYSOSCtoHSCLK    0x000002d1   Thumb Code    36  dl_sysctl_mspm0g1x0x_g3x0x.o(.text.DL_SYSCTL_switchMCLKfromSYSOSCtoHSCLK)
    DL_UART_init                             0x000002f5   Thumb Code    64  dl_uart.o(.text.DL_UART_init)
    DL_UART_setClockConfig                   0x0000033d   Thumb Code    18  dl_uart.o(.text.DL_UART_setClockConfig)
    SYSCFG_DL_GPIO_init                      0x00000351   Thumb Code    32  ti_msp_dl_config.o(.text.SYSCFG_DL_GPIO_init)
    SYSCFG_DL_SYSCTL_init                    0x00000381   Thumb Code    88  ti_msp_dl_config.o(.text.SYSCFG_DL_SYSCTL_init)
    SYSCFG_DL_init                           0x000003e5   Thumb Code    24  ti_msp_dl_config.o(.text.SYSCFG_DL_init)
    SYSCFG_DL_initPower                      0x000003fd   Thumb Code    40  ti_msp_dl_config.o(.text.SYSCFG_DL_initPower)
    SYSCFG_DL_stepMotor1_init                0x0000043d   Thumb Code   108  ti_msp_dl_config.o(.text.SYSCFG_DL_stepMotor1_init)
    SYSCFG_DL_stepMotor2_init                0x000004b5   Thumb Code   108  ti_msp_dl_config.o(.text.SYSCFG_DL_stepMotor2_init)
    StepperMotor_enable                      0x00000531   Thumb Code    16  stepper_motor.o(.text.StepperMotor_enable)
    StepperMotor_init                        0x00000545   Thumb Code     8  stepper_motor.o(.text.StepperMotor_init)
    StepperMotor_poll                        0x0000054d   Thumb Code     8  stepper_motor.o(.text.StepperMotor_poll)
    ZdtX42s_init                             0x00000555   Thumb Code    12  zdt_x42s.o(.text.ZdtX42s_init)
    ZdtX42s_pollResponse                     0x00000561   Thumb Code   112  zdt_x42s.o(.text.ZdtX42s_pollResponse)
    ZdtX42s_setEnabled                       0x000005d1   Thumb Code   200  zdt_x42s.o(.text.ZdtX42s_setEnabled)
    main                                     0x0000069d   Thumb Code    76  main.o(.text.main)
    pitch_motor_enable                       0x000006fd   Thumb Code    14  pitch_motor_control.o(.text.pitch_motor_enable)
    pitch_motor_init                         0x0000070b   Thumb Code    14  pitch_motor_control.o(.text.pitch_motor_init)
    pitch_motor_poll                         0x00000719   Thumb Code    12  pitch_motor_control.o(.text.pitch_motor_poll)
    Region$$Table$$Base                      0x00000768   Number         0  anon$$obj.o(Region$$Table)
    Region$$Table$$Limit                     0x00000778   Number         0  anon$$obj.o(Region$$Table)
    __libspace_start                         0x20200000   Data          96  libspace.o(.bss)
    __temporary_stack_top$libspace           0x20200060   Data           0  libspace.o(.bss)



==============================================================================

Memory Map of the image

  Image Entry point : 0x000000c1

  Load Region LR_IROM1 (Base: 0x00000000, Size: 0x00000778, Max: 0x00020000, ABSOLUTE)

    Execution Region ER_IROM1 (Exec base: 0x00000000, Load base: 0x00000000, Size: 0x00000778, Max: 0x00020000, ABSOLUTE)

    Exec Addr    Load Addr    Size         Type   Attr      Idx    E Section Name        Object

    0x00000000   0x00000000   0x000000c0   Data   RO            3    RESET               startup_mspm0g350x_uvision.o
    0x000000c0   0x000000c0   0x00000008   Code   RO          883  * !!!main             c_p.l(__main.o)
    0x000000c8   0x000000c8   0x00000054   Code   RO         1060    !!!scatter          c_p.l(__scatter.o)
    0x0000011c   0x0000011c   0x00000004   PAD
    0x00000120   0x00000120   0x00000002   Code   RO         1061    !!handler_null      c_p.l(__scatter.o)
    0x00000122   0x00000122   0x00000006   PAD
    0x00000128   0x00000128   0x0000001c   Code   RO         1064    !!handler_zi        c_p.l(__scatter_zi.o)
    0x00000144   0x00000144   0x00000002   Code   RO          921    .ARM.Collect$$libinit$$00000000  c_p.l(libinit.o)
    0x00000146   0x00000146   0x00000000   Code   RO          935    .ARM.Collect$$libinit$$00000002  c_p.l(libinit2.o)
    0x00000146   0x00000146   0x00000000   Code   RO          937    .ARM.Collect$$libinit$$00000004  c_p.l(libinit2.o)
    0x00000146   0x00000146   0x00000000   Code   RO          939    .ARM.Collect$$libinit$$00000006  c_p.l(libinit2.o)
    0x00000146   0x00000146   0x00000000   Code   RO          942    .ARM.Collect$$libinit$$0000000C  c_p.l(libinit2.o)
    0x00000146   0x00000146   0x00000000   Code   RO          944    .ARM.Collect$$libinit$$0000000E  c_p.l(libinit2.o)
    0x00000146   0x00000146   0x00000000   Code   RO          946    .ARM.Collect$$libinit$$00000010  c_p.l(libinit2.o)
    0x00000146   0x00000146   0x00000000   Code   RO          949    .ARM.Collect$$libinit$$00000013  c_p.l(libinit2.o)
    0x00000146   0x00000146   0x00000000   Code   RO          951    .ARM.Collect$$libinit$$00000015  c_p.l(libinit2.o)
    0x00000146   0x00000146   0x00000000   Code   RO          953    .ARM.Collect$$libinit$$00000017  c_p.l(libinit2.o)
    0x00000146   0x00000146   0x00000000   Code   RO          955    .ARM.Collect$$libinit$$00000019  c_p.l(libinit2.o)
    0x00000146   0x00000146   0x00000000   Code   RO          957    .ARM.Collect$$libinit$$0000001B  c_p.l(libinit2.o)
    0x00000146   0x00000146   0x00000000   Code   RO          959    .ARM.Collect$$libinit$$0000001D  c_p.l(libinit2.o)
    0x00000146   0x00000146   0x00000000   Code   RO          961    .ARM.Collect$$libinit$$0000001F  c_p.l(libinit2.o)
    0x00000146   0x00000146   0x00000000   Code   RO          963    .ARM.Collect$$libinit$$00000021  c_p.l(libinit2.o)
    0x00000146   0x00000146   0x00000000   Code   RO          965    .ARM.Collect$$libinit$$00000023  c_p.l(libinit2.o)
    0x00000146   0x00000146   0x00000000   Code   RO          967    .ARM.Collect$$libinit$$00000025  c_p.l(libinit2.o)
    0x00000146   0x00000146   0x00000000   Code   RO          969    .ARM.Collect$$libinit$$00000027  c_p.l(libinit2.o)
    0x00000146   0x00000146   0x00000000   Code   RO          973    .ARM.Collect$$libinit$$0000002E  c_p.l(libinit2.o)
    0x00000146   0x00000146   0x00000000   Code   RO          975    .ARM.Collect$$libinit$$00000030  c_p.l(libinit2.o)
    0x00000146   0x00000146   0x00000000   Code   RO          977    .ARM.Collect$$libinit$$00000032  c_p.l(libinit2.o)
    0x00000146   0x00000146   0x00000000   Code   RO          979    .ARM.Collect$$libinit$$00000034  c_p.l(libinit2.o)
    0x00000146   0x00000146   0x00000002   Code   RO          980    .ARM.Collect$$libinit$$00000035  c_p.l(libinit2.o)
    0x00000148   0x00000148   0x00000002   Code   RO         1015    .ARM.Collect$$libshutdown$$00000000  c_p.l(libshutdown.o)
    0x0000014a   0x0000014a   0x00000000   Code   RO         1043    .ARM.Collect$$libshutdown$$00000002  c_p.l(libshutdown2.o)
    0x0000014a   0x0000014a   0x00000000   Code   RO         1045    .ARM.Collect$$libshutdown$$00000004  c_p.l(libshutdown2.o)
    0x0000014a   0x0000014a   0x00000000   Code   RO         1048    .ARM.Collect$$libshutdown$$00000007  c_p.l(libshutdown2.o)
    0x0000014a   0x0000014a   0x00000000   Code   RO         1051    .ARM.Collect$$libshutdown$$0000000A  c_p.l(libshutdown2.o)
    0x0000014a   0x0000014a   0x00000000   Code   RO         1053    .ARM.Collect$$libshutdown$$0000000C  c_p.l(libshutdown2.o)
    0x0000014a   0x0000014a   0x00000000   Code   RO         1056    .ARM.Collect$$libshutdown$$0000000F  c_p.l(libshutdown2.o)
    0x0000014a   0x0000014a   0x00000002   Code   RO         1057    .ARM.Collect$$libshutdown$$00000010  c_p.l(libshutdown2.o)
    0x0000014c   0x0000014c   0x00000000   Code   RO          885    .ARM.Collect$$rtentry$$00000000  c_p.l(__rtentry.o)
    0x0000014c   0x0000014c   0x00000000   Code   RO          891    .ARM.Collect$$rtentry$$00000002  c_p.l(__rtentry2.o)
    0x0000014c   0x0000014c   0x00000006   Code   RO          903    .ARM.Collect$$rtentry$$00000004  c_p.l(__rtentry4.o)
    0x00000152   0x00000152   0x00000000   Code   RO          893    .ARM.Collect$$rtentry$$00000009  c_p.l(__rtentry2.o)
    0x00000152   0x00000152   0x00000004   Code   RO          894    .ARM.Collect$$rtentry$$0000000A  c_p.l(__rtentry2.o)
    0x00000156   0x00000156   0x00000000   Code   RO          896    .ARM.Collect$$rtentry$$0000000C  c_p.l(__rtentry2.o)
    0x00000156   0x00000156   0x00000008   Code   RO          897    .ARM.Collect$$rtentry$$0000000D  c_p.l(__rtentry2.o)
    0x0000015e   0x0000015e   0x00000002   Code   RO          926    .ARM.Collect$$rtexit$$00000000  c_p.l(rtexit.o)
    0x00000160   0x00000160   0x00000000   Code   RO          986    .ARM.Collect$$rtexit$$00000002  c_p.l(rtexit2.o)
    0x00000160   0x00000160   0x00000004   Code   RO          987    .ARM.Collect$$rtexit$$00000003  c_p.l(rtexit2.o)
    0x00000164   0x00000164   0x00000006   Code   RO          988    .ARM.Collect$$rtexit$$00000004  c_p.l(rtexit2.o)
    0x0000016a   0x0000016a   0x00000002   PAD
    0x0000016c   0x0000016c   0x0000002c   Code   RO            4    .text               startup_mspm0g350x_uvision.o
    0x00000198   0x00000198   0x00000006   Code   RO          881    .text               c_p.l(heapauxi.o)
    0x0000019e   0x0000019e   0x0000003e   Code   RO          907    .text               c_p.l(sys_stackheap_outer.o)
    0x000001dc   0x000001dc   0x00000010   Code   RO          910    .text               c_p.l(exit.o)
    0x000001ec   0x000001ec   0x00000008   Code   RO          922    .text               c_p.l(libspace.o)
    0x000001f4   0x000001f4   0x0000000c   Code   RO          981    .text               c_p.l(sys_exit.o)
    0x00000200   0x00000200   0x00000002   Code   RO         1004    .text               c_p.l(use_no_semi.o)
    0x00000202   0x00000202   0x00000000   Code   RO         1006    .text               c_p.l(indicate_semi.o)
    0x00000202   0x00000202   0x0000000a   Code   RO          147    .text.DL_Common_delayCycles  dl_common.o
    0x0000020c   0x0000020c   0x000000c4   Code   RO          840    .text.DL_SYSCTL_configSYSPLL  driverlib.a(dl_sysctl_mspm0g1x0x_g3x0x.o)
    0x000002d0   0x000002d0   0x00000024   Code   RO          848    .text.DL_SYSCTL_switchMCLKfromSYSOSCtoHSCLK  driverlib.a(dl_sysctl_mspm0g1x0x_g3x0x.o)
    0x000002f4   0x000002f4   0x00000048   Code   RO          785    .text.DL_UART_init  dl_uart.o
    0x0000033c   0x0000033c   0x00000012   Code   RO          787    .text.DL_UART_setClockConfig  dl_uart.o
    0x0000034e   0x0000034e   0x00000002   PAD
    0x00000350   0x00000350   0x00000030   Code   RO           15    .text.SYSCFG_DL_GPIO_init  ti_msp_dl_config.o
    0x00000380   0x00000380   0x00000064   Code   RO           17    .text.SYSCFG_DL_SYSCTL_init  ti_msp_dl_config.o
    0x000003e4   0x000003e4   0x00000018   Code   RO           11    .text.SYSCFG_DL_init  ti_msp_dl_config.o
    0x000003fc   0x000003fc   0x00000040   Code   RO           13    .text.SYSCFG_DL_initPower  ti_msp_dl_config.o
    0x0000043c   0x0000043c   0x00000078   Code   RO           21    .text.SYSCFG_DL_stepMotor1_init  ti_msp_dl_config.o
    0x000004b4   0x000004b4   0x0000007c   Code   RO           19    .text.SYSCFG_DL_stepMotor2_init  ti_msp_dl_config.o
    0x00000530   0x00000530   0x00000014   Code   RO           65    .text.StepperMotor_enable  stepper_motor.o
    0x00000544   0x00000544   0x00000008   Code   RO           63    .text.StepperMotor_init  stepper_motor.o
    0x0000054c   0x0000054c   0x00000008   Code   RO           69    .text.StepperMotor_poll  stepper_motor.o
    0x00000554   0x00000554   0x0000000c   Code   RO           47    .text.ZdtX42s_init  zdt_x42s.o
    0x00000560   0x00000560   0x00000070   Code   RO           53    .text.ZdtX42s_pollResponse  zdt_x42s.o
    0x000005d0   0x000005d0   0x000000cc   Code   RO           49    .text.ZdtX42s_setEnabled  zdt_x42s.o
    0x0000069c   0x0000069c   0x00000060   Code   RO           36    .text.main          main.o
    0x000006fc   0x000006fc   0x0000000e   Code   RO           81    .text.pitch_motor_enable  pitch_motor_control.o
    0x0000070a   0x0000070a   0x0000000e   Code   RO           79    .text.pitch_motor_init  pitch_motor_control.o
    0x00000718   0x00000718   0x0000000c   Code   RO           85    .text.pitch_motor_poll  pitch_motor_control.o
    0x00000724   0x00000724   0x00000028   Data   RO           23    .rodata.gSYSPLLConfig  ti_msp_dl_config.o
    0x0000074c   0x0000074c   0x00000002   Data   RO           26    .rodata.gstepMotor1ClockConfig  ti_msp_dl_config.o
    0x0000074e   0x0000074e   0x0000000a   Data   RO           27    .rodata.gstepMotor1Config  ti_msp_dl_config.o
    0x00000758   0x00000758   0x00000002   Data   RO           24    .rodata.gstepMotor2ClockConfig  ti_msp_dl_config.o
    0x0000075a   0x0000075a   0x0000000a   Data   RO           25    .rodata.gstepMotor2Config  ti_msp_dl_config.o
    0x00000764   0x00000764   0x00000004   PAD
    0x00000768   0x00000768   0x00000010   Data   RO         1059    Region$$Table       anon$$obj.o


    Execution Region RW_IRAM2 (Exec base: 0x20200000, Load base: 0x00000778, Size: 0x000001a0, Max: 0x00008000, ABSOLUTE)

    Exec Addr    Load Addr    Size         Type   Attr      Idx    E Section Name        Object

    0x20200000        -       0x00000060   Zero   RW          923    .bss                c_p.l(libspace.o)
    0x20200060        -       0x00000020   Zero   RW           39    .bss.g_pitch_motor  main.o
    0x20200080        -       0x00000020   Zero   RW           38    .bss.g_yaw_motor    main.o
    0x202000a0        -       0x00000000   Zero   RW            2    HEAP                startup_mspm0g350x_uvision.o
    0x202000a0        -       0x00000100   Zero   RW            1    STACK               startup_mspm0g350x_uvision.o



  Load Region LR_BCR (Base: 0x41c00000, Size: 0x00000000, Max: 0x00000100, ABSOLUTE)

    Execution Region BCR_CONFIG (Exec base: 0x41c00000, Load base: 0x41c00000, Size: 0x00000000, Max: 0x000000ff, ABSOLUTE)

    **** No section assigned to this execution region ****



  Load Region LR_BSL (Base: 0x41c00100, Size: 0x00000000, Max: 0x00000100, ABSOLUTE)

    Execution Region BSL_CONFIG (Exec base: 0x41c00100, Load base: 0x41c00100, Size: 0x00000000, Max: 0x00000080, ABSOLUTE)

    **** No section assigned to this execution region ****


==============================================================================

Image component sizes


      Code (inc. data)   RO Data    RW Data    ZI Data      Debug   Object Name

        10          0          0          0          0        621   dl_common.o
        90          8          0          0          0      14740   dl_uart.o
        96         20          0          0         64       3165   main.o
        40          0          0          0          0       5146   pitch_motor_control.o
        44         18        192          0        256        688   startup_mspm0g350x_uvision.o
        36          4          0          0          0       4164   stepper_motor.o
       480         80         64          0          0      17469   ti_msp_dl_config.o
       328          4          0          0          0       7973   zdt_x42s.o

    ----------------------------------------------------------------------
      1126        134        276          0        320      53966   Object Totals
         0          0         16          0          0          0   (incl. Generated)
         2          0          4          0          0          0   (incl. Padding)

    ----------------------------------------------------------------------

      Code (inc. data)   RO Data    RW Data    ZI Data      Debug   Library Member Name

         8          0          0          0          0         68   __main.o
         0          0          0          0          0          0   __rtentry.o
        12          0          0          0          0          0   __rtentry2.o
         6          0          0          0          0          0   __rtentry4.o
        86         10          0          0          0          0   __scatter.o
        28          0          0          0          0          0   __scatter_zi.o
        16          0          0          0          0         68   exit.o
         6          0          0          0          0        136   heapauxi.o
         0          0          0          0          0          0   indicate_semi.o
         2          0          0          0          0          0   libinit.o
         2          0          0          0          0          0   libinit2.o
         2          0          0          0          0          0   libshutdown.o
         2          0          0          0          0          0   libshutdown2.o
         8          4          0          0         96         68   libspace.o
         2          0          0          0          0          0   rtexit.o
        10          0          0          0          0          0   rtexit2.o
        12          4          0          0          0         60   sys_exit.o
        62          0          0          0          0         80   sys_stackheap_outer.o
         2          0          0          0          0         68   use_no_semi.o
       232         20          0          0          0      12876   dl_sysctl_mspm0g1x0x_g3x0x.o

    ----------------------------------------------------------------------
       510         42          0          0         96      13424   Library Totals
        12          4          0          0          0          0   (incl. Padding)

    ----------------------------------------------------------------------

      Code (inc. data)   RO Data    RW Data    ZI Data      Debug   Library Name

       266         18          0          0         96        548   c_p.l
       232         20          0          0          0      12876   driverlib.a

    ----------------------------------------------------------------------
       510         42          0          0         96      13424   Library Totals

    ----------------------------------------------------------------------

==============================================================================


      Code (inc. data)   RO Data    RW Data    ZI Data      Debug   

      1636        176        276          0        416      67158   Grand Totals
      1636        176        276          0        416      67158   ELF Image Totals
      1636        176        276          0          0          0   ROM Totals

==============================================================================

    Total RO  Size (Code + RO Data)                 1912 (   1.87kB)
    Total RW  Size (RW Data + ZI Data)               416 (   0.41kB)
    Total ROM Size (Code + RO Data + RW Data)       1912 (   1.87kB)

==============================================================================

